2026-08-30 20:33:20	info	logger/logger.go:277	tracepulse starting	{"version": "dev"}
2026-08-30 20:33:20	debug	logger/logger.go:301	database connected
2026-08-30 20:33:20	debug	logger/logger.go:301	system status sampler started, sampling every 1s
2026-08-30 20:33:20	debug	logger/logger.go:301	alert service initialized	{"enabled": false, "queue_size": 256, "dedup_seconds": 300, "min_interval_seconds": 60, "max_events_in_mail": 500, "triggers": ["error", "warn", "timeout", "queue_drop"]}
2026-08-30 20:33:20	debug	logger/logger.go:301	trace service initialized	{"queue_size": 1000, "flush_batch": 200, "flush_ms": 200, "ttl_seconds": 300, "max_events_per_trace": 5000, "ndjson_path": ""}
2026-08-30 20:33:20	debug	logger/logger.go:301	trace components initialized	{"report_max_body_bytes": 8388608}
2026-08-30 20:33:20	debug	logger/logger.go:301	demo data config	{"disable": false, "force": false}
2026-08-30 20:33:20	debug	logger/logger.go:301	trace cleanup started	{"cutoff": "2026-08-23T20:33:20+08:00", "retention_days": 7}
2026-08-30 20:33:20	debug	logger/logger.go:301	trace persisted	{"trace_id": "demo-20260830203320-01", "service": "demo-order-api", "status": "ok"}
2026-08-30 20:33:20	debug	logger/logger.go:301	demo trace created	{"trace_id": "demo-20260830203320-01", "service": "demo-order-api", "status": "ok", "events": 5}
2026-08-30 20:33:20	debug	logger/logger.go:301	trace events persisted	{"count": 5, "elapsed": 0.0005094}
2026-08-30 20:33:20	debug	logger/logger.go:301	trace persisted	{"trace_id": "demo-20260830203320-02", "service": "demo-payment-api", "status": "error"}
2026-08-30 20:33:20	debug	logger/logger.go:301	demo trace created	{"trace_id": "demo-20260830203320-02", "service": "demo-payment-api", "status": "error", "events": 4}
2026-08-30 20:33:20	debug	logger/logger.go:301	trace events persisted	{"count": 4, "elapsed": 0}
2026-08-30 20:33:20	debug	logger/logger.go:301	trace persisted	{"trace_id": "demo-20260830203320-03", "service": "demo-api-gateway", "status": "warn"}
2026-08-30 20:33:20	debug	logger/logger.go:301	demo trace created	{"trace_id": "demo-20260830203320-03", "service": "demo-api-gateway", "status": "warn", "events": 4}
2026-08-30 20:33:20	debug	logger/logger.go:301	trace events persisted	{"count": 4, "elapsed": 0}
2026-08-30 20:33:20	debug	logger/logger.go:301	trace persisted	{"trace_id": "demo-20260830203320-04", "service": "demo-report-job", "status": "timeout"}
2026-08-30 20:33:20	debug	logger/logger.go:301	demo trace created	{"trace_id": "demo-20260830203320-04", "service": "demo-report-job", "status": "timeout", "events": 3}
2026-08-30 20:33:20	debug	logger/logger.go:301	trace events persisted	{"count": 3, "elapsed": 0}
2026-08-30 20:33:20	debug	logger/logger.go:301	trace persisted	{"trace_id": "demo-20260830203320-05", "service": "demo-user-api", "status": "ok"}
2026-08-30 20:33:20	debug	logger/logger.go:301	demo trace created	{"trace_id": "demo-20260830203320-05", "service": "demo-user-api", "status": "ok", "events": 5}
2026-08-30 20:33:20	debug	logger/logger.go:301	trace events persisted	{"count": 5, "elapsed": 0}
2026-08-30 20:33:20	debug	logger/logger.go:301	demo data seeding finished	{"inserted": 5, "forced": false}
2026-08-30 20:33:20	info	logger/logger.go:277	demo traces seeded	{"count": 5}
2026-08-30 20:33:20	debug	logger/logger.go:301	http routes registered
2026-08-30 20:33:20	debug	logger/logger.go:301	http server config	{"port": 8086, "read_timeout_seconds": 30, "write_timeout_seconds": 60, "shutdown_timeout_seconds": 20}
2026-08-30 20:33:20	info	logger/logger.go:277	server starting	{"port": 8086}
2026-08-30 20:33:20	debug	logger/logger.go:301	events deleted by cleanup	{"rows": 0, "cutoff": "2026-08-23 20:33:20"}
2026-08-30 20:33:20	debug	logger/logger.go:301	traces deleted by cleanup	{"rows": 0, "cutoff": "2026-08-23 20:33:20"}
2026-08-30 20:33:20	debug	logger/logger.go:301	orphan events deleted	{"rows": 0, "grace_period": 600}
2026-08-30 20:33:20	debug	logger/logger.go:301	database vacuum completed	{"deleted_rows": 0}
2026-08-30 20:33:21	debug	logger/logger.go:301	trace batch flush	{"count": 0, "active_remaining": 0}
2026-08-30 20:33:21	debug	logger/logger.go:301	trace batch flush	{"count": 0, "active_remaining": 0}
2026-08-30 20:33:21	debug	logger/logger.go:301	trace batch flush	{"count": 0, "active_remaining": 0}
2026-08-30 20:33:21	debug	logger/logger.go:301	trace batch flush	{"count": 0, "active_remaining": 0}
2026-08-30 20:33:21	debug	logger/logger.go:301	trace batch flush	{"count": 0, "active_remaining": 0}
2026-08-30 20:33:22	debug	logger/logger.go:301	trace batch flush	{"count": 0, "active_remaining": 0}
2026-08-30 20:33:22	debug	logger/logger.go:301	trace batch flush	{"count": 0, "active_remaining": 0}
2026-08-30 20:33:22	debug	logger/logger.go:301	trace batch flush	{"count": 0, "active_remaining": 0}
2026-08-30 20:33:22	debug	logger/logger.go:301	trace batch flush	{"count": 0, "active_remaining": 0}
2026-08-30 20:33:22	debug	logger/logger.go:301	trace batch flush	{"count": 0, "active_remaining": 0}
2026-08-30 20:33:23	debug	logger/logger.go:301	trace batch flush	{"count": 0, "active_remaining": 0}
2026-08-30 20:33:23	debug	logger/logger.go:301	trace batch flush	{"count": 0, "active_remaining": 0}
2026-08-30 20:33:23	debug	logger/logger.go:301	trace batch flush	{"count": 0, "active_remaining": 0}
2026-08-30 20:33:23	debug	logger/logger.go:301	trace batch flush	{"count": 0, "active_remaining": 0}
2026-08-30 20:33:23	debug	logger/logger.go:301	trace batch flush	{"count": 0, "active_remaining": 0}
2026-08-30 20:33:24	debug	logger/logger.go:301	trace batch flush	{"count": 0, "active_remaining": 0}
2026-08-30 20:33:24	debug	logger/logger.go:301	trace batch flush	{"count": 0, "active_remaining": 0}
2026-08-30 20:33:24	debug	logger/logger.go:301	trace batch flush	{"count": 0, "active_remaining": 0}
2026-08-30 20:33:24	debug	logger/logger.go:301	trace batch flush	{"count": 0, "active_remaining": 0}
2026-08-30 20:33:24	debug	logger/logger.go:301	trace batch flush	{"count": 0, "active_remaining": 0}
2026-08-30 20:33:25	debug	logger/logger.go:301	trace batch flush	{"count": 0, "active_remaining": 0}
2026-08-30 20:33:25	debug	logger/logger.go:301	trace batch flush	{"count": 0, "active_remaining": 0}
2026-08-30 20:33:25	debug	logger/logger.go:301	trace batch flush	{"count": 0, "active_remaining": 0}
2026-08-30 20:33:25	debug	logger/logger.go:301	trace batch flush	{"count": 0, "active_remaining": 0}
2026-08-30 20:33:25	debug	logger/logger.go:301	trace batch flush	{"count": 0, "active_remaining": 0}
2026-08-30 20:33:26	debug	logger/logger.go:301	trace batch flush	{"count": 0, "active_remaining": 0}
2026-08-30 20:33:26	debug	logger/logger.go:301	trace batch flush	{"count": 0, "active_remaining": 0}
2026-08-30 20:33:26	debug	logger/logger.go:301	trace batch flush	{"count": 0, "active_remaining": 0}
2026-08-30 20:33:26	debug	logger/logger.go:301	trace batch flush	{"count": 0, "active_remaining": 0}
2026-08-30 20:33:26	debug	logger/logger.go:301	trace batch flush	{"count": 0, "active_remaining": 0}
2026-08-30 20:33:27	debug	logger/logger.go:301	trace batch flush	{"count": 0, "active_remaining": 0}
2026-08-30 20:33:27	debug	logger/logger.go:301	trace batch flush	{"count": 0, "active_remaining": 0}
2026-08-30 20:33:27	debug	logger/logger.go:301	trace batch flush	{"count": 0, "active_remaining": 0}
2026-08-30 20:33:27	debug	logger/logger.go:301	trace batch flush	{"count": 0, "active_remaining": 0}
2026-08-30 20:33:27	debug	logger/logger.go:301	trace batch flush	{"count": 0, "active_remaining": 0}
2026-08-30 20:33:28	debug	logger/logger.go:301	trace batch flush	{"count": 0, "active_remaining": 0}
2026-08-30 20:33:28	debug	logger/logger.go:301	trace batch flush	{"count": 0, "active_remaining": 0}
2026-08-30 20:33:28	debug	logger/logger.go:301	trace batch flush	{"count": 0, "active_remaining": 0}
2026-08-30 20:33:28	debug	logger/logger.go:301	trace batch flush	{"count": 0, "active_remaining": 0}
2026-08-30 20:33:28	debug	logger/logger.go:301	trace batch flush	{"count": 0, "active_remaining": 0}
2026-08-30 20:33:29	debug	logger/logger.go:301	trace batch flush	{"count": 0, "active_remaining": 0}
2026-08-30 20:33:29	debug	logger/logger.go:301	trace batch flush	{"count": 0, "active_remaining": 0}
2026-08-30 20:33:29	debug	logger/logger.go:301	trace batch flush	{"count": 0, "active_remaining": 0}
2026-08-30 20:33:29	debug	logger/logger.go:301	trace batch flush	{"count": 0, "active_remaining": 0}
2026-08-30 20:33:29	debug	logger/logger.go:301	trace batch flush	{"count": 0, "active_remaining": 0}
2026-08-30 20:33:30	debug	logger/logger.go:301	trace batch flush	{"count": 0, "active_remaining": 0}
2026-08-30 20:33:30	debug	logger/logger.go:301	trace batch flush	{"count": 0, "active_remaining": 0}
2026-08-30 20:33:30	debug	logger/logger.go:301	trace batch flush	{"count": 0, "active_remaining": 0}
2026-08-30 20:33:30	debug	logger/logger.go:301	trace batch flush	{"count": 0, "active_remaining": 0}
2026-08-30 20:33:30	debug	logger/logger.go:301	trace TTL scan	{"active_total": 0, "expired": 0}
2026-08-30 20:33:30	debug	logger/logger.go:301	trace batch flush	{"count": 0, "active_remaining": 0}
2026-08-30 20:33:31	debug	logger/logger.go:301	trace batch flush	{"count": 0, "active_remaining": 0}
2026-08-30 20:33:31	debug	logger/logger.go:301	trace batch flush	{"count": 0, "active_remaining": 0}
2026-08-30 20:33:31	debug	logger/logger.go:301	trace batch flush	{"count": 0, "active_remaining": 0}
2026-08-30 20:33:31	debug	logger/logger.go:301	trace batch flush	{"count": 0, "active_remaining": 0}
2026-08-30 20:33:31	debug	logger/logger.go:301	trace batch flush	{"count": 0, "active_remaining": 0}
2026-08-30 20:33:32	debug	logger/logger.go:301	trace batch flush	{"count": 0, "active_remaining": 0}
2026-08-30 20:33:32	debug	logger/logger.go:301	trace batch flush	{"count": 0, "active_remaining": 0}
2026-08-30 20:33:32	debug	logger/logger.go:301	trace batch flush	{"count": 0, "active_remaining": 0}
2026-08-30 20:33:32	debug	logger/logger.go:301	trace batch flush	{"count": 0, "active_remaining": 0}
2026-08-30 20:33:32	debug	logger/logger.go:301	trace batch flush	{"count": 0, "active_remaining": 0}
2026-08-30 20:33:33	debug	logger/logger.go:301	trace batch flush	{"count": 0, "active_remaining": 0}
2026-08-30 20:33:33	debug	logger/logger.go:301	trace batch flush	{"count": 0, "active_remaining": 0}
2026-08-30 20:33:33	debug	logger/logger.go:301	trace batch flush	{"count": 0, "active_remaining": 0}
2026-08-30 20:33:33	debug	logger/logger.go:301	trace batch flush	{"count": 0, "active_remaining": 0}
2026-08-30 20:33:33	debug	logger/logger.go:301	trace batch flush	{"count": 0, "active_remaining": 0}
2026-08-30 20:33:34	debug	logger/logger.go:301	trace batch flush	{"count": 0, "active_remaining": 0}
2026-08-30 20:33:34	debug	logger/logger.go:301	trace batch flush	{"count": 0, "active_remaining": 0}
2026-08-30 20:33:34	debug	logger/logger.go:301	trace batch flush	{"count": 0, "active_remaining": 0}
2026-08-30 20:33:34	debug	logger/logger.go:301	trace batch flush	{"count": 0, "active_remaining": 0}
2026-08-30 20:33:34	debug	logger/logger.go:301	trace batch flush	{"count": 0, "active_remaining": 0}
2026-08-30 20:33:35	debug	logger/logger.go:301	trace batch flush	{"count": 0, "active_remaining": 0}
2026-08-30 20:33:35	debug	logger/logger.go:301	trace batch flush	{"count": 0, "active_remaining": 0}
2026-08-30 20:33:35	debug	logger/logger.go:301	trace batch flush	{"count": 0, "active_remaining": 0}
2026-08-30 20:33:35	debug	logger/logger.go:301	trace batch flush	{"count": 0, "active_remaining": 0}
2026-08-30 20:33:35	debug	logger/logger.go:301	trace batch flush	{"count": 0, "active_remaining": 0}
2026-08-30 20:33:36	debug	logger/logger.go:301	trace batch flush	{"count": 0, "active_remaining": 0}
2026-08-30 20:33:36	debug	logger/logger.go:301	trace batch flush	{"count": 0, "active_remaining": 0}
2026-08-30 20:33:36	debug	logger/logger.go:301	trace batch flush	{"count": 0, "active_remaining": 0}
2026-08-30 20:33:36	debug	logger/logger.go:301	trace batch flush	{"count": 0, "active_remaining": 0}
2026-08-30 20:33:36	debug	logger/logger.go:301	trace batch flush	{"count": 0, "active_remaining": 0}
2026-08-30 20:33:37	debug	logger/logger.go:301	trace batch flush	{"count": 0, "active_remaining": 0}
2026-08-30 20:33:37	debug	logger/logger.go:301	trace batch flush	{"count": 0, "active_remaining": 0}
2026-08-30 20:33:37	debug	logger/logger.go:301	trace batch flush	{"count": 0, "active_remaining": 0}
2026-08-30 20:33:37	debug	logger/logger.go:301	trace batch flush	{"count": 0, "active_remaining": 0}
2026-08-30 20:33:37	debug	logger/logger.go:301	trace batch flush	{"count": 0, "active_remaining": 0}
2026-08-30 20:33:38	debug	logger/logger.go:301	trace batch flush	{"count": 0, "active_remaining": 0}
2026-08-30 20:33:38	debug	logger/logger.go:301	trace batch flush	{"count": 0, "active_remaining": 0}
2026-08-30 20:33:38	debug	logger/logger.go:301	trace batch flush	{"count": 0, "active_remaining": 0}
2026-08-30 20:33:38	debug	logger/logger.go:301	trace batch flush	{"count": 0, "active_remaining": 0}
2026-08-30 20:33:38	debug	logger/logger.go:301	trace batch flush	{"count": 0, "active_remaining": 0}
2026-08-30 20:33:39	debug	logger/logger.go:301	trace batch flush	{"count": 0, "active_remaining": 0}
2026-08-30 20:33:39	debug	logger/logger.go:301	trace batch flush	{"count": 0, "active_remaining": 0}
2026-08-30 20:33:39	debug	logger/logger.go:301	trace batch flush	{"count": 0, "active_remaining": 0}
2026-08-30 20:33:39	debug	logger/logger.go:301	trace batch flush	{"count": 0, "active_remaining": 0}
2026-08-30 20:33:39	debug	logger/logger.go:301	trace batch flush	{"count": 0, "active_remaining": 0}
2026-08-30 20:33:40	debug	logger/logger.go:301	trace batch flush	{"count": 0, "active_remaining": 0}
2026-08-30 20:33:40	debug	logger/logger.go:301	trace batch flush	{"count": 0, "active_remaining": 0}
2026-08-30 20:33:40	debug	logger/logger.go:301	trace batch flush	{"count": 0, "active_remaining": 0}
2026-08-30 20:33:40	debug	logger/logger.go:301	trace batch flush	{"count": 0, "active_remaining": 0}
2026-08-30 20:33:40	debug	logger/logger.go:301	trace TTL scan	{"active_total": 0, "expired": 0}
2026-08-30 20:33:40	debug	logger/logger.go:301	trace batch flush	{"count": 0, "active_remaining": 0}
2026-08-30 20:33:41	debug	logger/logger.go:301	trace batch flush	{"count": 0, "active_remaining": 0}
2026-08-30 20:33:41	debug	logger/logger.go:301	trace batch flush	{"count": 0, "active_remaining": 0}
2026-08-30 20:33:41	debug	logger/logger.go:301	trace batch flush	{"count": 0, "active_remaining": 0}
2026-08-30 20:33:41	debug	logger/logger.go:301	trace batch flush	{"count": 0, "active_remaining": 0}
2026-08-30 20:33:41	debug	logger/logger.go:301	trace batch flush	{"count": 0, "active_remaining": 0}
2026-08-30 20:33:42	debug	logger/logger.go:301	trace batch flush	{"count": 0, "active_remaining": 0}
2026-08-30 20:33:42	debug	logger/logger.go:301	trace batch flush	{"count": 0, "active_remaining": 0}
2026-08-30 20:33:42	debug	logger/logger.go:301	trace batch flush	{"count": 0, "active_remaining": 0}
2026-08-30 20:33:42	debug	logger/logger.go:301	trace batch flush	{"count": 0, "active_remaining": 0}
2026-08-30 20:33:42	debug	logger/logger.go:301	trace batch flush	{"count": 0, "active_remaining": 0}
2026-08-30 20:33:43	debug	logger/logger.go:301	trace batch flush	{"count": 0, "active_remaining": 0}
2026-08-30 20:33:43	debug	logger/logger.go:301	trace batch flush	{"count": 0, "active_remaining": 0}
2026-08-30 20:33:43	debug	logger/logger.go:301	trace batch flush	{"count": 0, "active_remaining": 0}
2026-08-30 20:33:43	debug	logger/logger.go:301	trace batch flush	{"count": 0, "active_remaining": 0}
2026-08-30 20:33:43	debug	logger/logger.go:301	trace batch flush	{"count": 0, "active_remaining": 0}
2026-08-30 20:33:44	debug	logger/logger.go:301	trace batch flush	{"count": 0, "active_remaining": 0}
2026-08-30 20:33:44	debug	logger/logger.go:301	trace batch flush	{"count": 0, "active_remaining": 0}
2026-08-30 20:33:44	debug	logger/logger.go:301	trace batch flush	{"count": 0, "active_remaining": 0}
2026-08-30 20:33:44	debug	logger/logger.go:301	trace batch flush	{"count": 0, "active_remaining": 0}
2026-08-30 20:33:44	debug	logger/logger.go:301	trace batch flush	{"count": 0, "active_remaining": 0}
2026-08-30 20:33:45	debug	logger/logger.go:301	trace batch flush	{"count": 0, "active_remaining": 0}
2026-08-30 20:33:45	debug	logger/logger.go:301	trace batch flush	{"count": 0, "active_remaining": 0}
2026-08-30 20:33:45	debug	logger/logger.go:301	trace batch flush	{"count": 0, "active_remaining": 0}
2026-08-30 20:33:45	debug	logger/logger.go:301	trace batch flush	{"count": 0, "active_remaining": 0}
2026-08-30 20:33:45	debug	logger/logger.go:301	trace batch flush	{"count": 0, "active_remaining": 0}
2026-08-30 20:33:46	debug	logger/logger.go:301	trace batch flush	{"count": 0, "active_remaining": 0}
2026-08-30 20:33:46	debug	logger/logger.go:301	trace batch flush	{"count": 0, "active_remaining": 0}
2026-08-30 20:33:46	debug	logger/logger.go:301	trace batch flush	{"count": 0, "active_remaining": 0}
2026-08-30 20:33:46	debug	logger/logger.go:301	trace batch flush	{"count": 0, "active_remaining": 0}
2026-08-30 20:33:46	debug	logger/logger.go:301	trace batch flush	{"count": 0, "active_remaining": 0}
2026-08-30 20:33:47	debug	logger/logger.go:301	trace batch flush	{"count": 0, "active_remaining": 0}
2026-08-30 20:33:47	debug	logger/logger.go:301	trace batch flush	{"count": 0, "active_remaining": 0}
2026-08-30 20:33:47	debug	logger/logger.go:301	trace batch flush	{"count": 0, "active_remaining": 0}
2026-08-30 20:33:47	debug	logger/logger.go:301	trace batch flush	{"count": 0, "active_remaining": 0}
2026-08-30 20:33:47	debug	logger/logger.go:301	trace batch flush	{"count": 0, "active_remaining": 0}
2026-08-30 20:33:48	debug	logger/logger.go:301	trace batch flush	{"count": 0, "active_remaining": 0}
2026-08-30 20:33:48	debug	logger/logger.go:301	trace batch flush	{"count": 0, "active_remaining": 0}
2026-08-30 20:33:48	debug	logger/logger.go:301	trace batch flush	{"count": 0, "active_remaining": 0}
2026-08-30 20:33:48	debug	logger/logger.go:301	trace batch flush	{"count": 0, "active_remaining": 0}
2026-08-30 20:33:48	debug	logger/logger.go:301	trace batch flush	{"count": 0, "active_remaining": 0}
2026-08-30 20:33:49	debug	logger/logger.go:301	trace batch flush	{"count": 0, "active_remaining": 0}
2026-08-30 20:33:49	debug	logger/logger.go:301	trace batch flush	{"count": 0, "active_remaining": 0}
2026-08-30 20:33:49	debug	logger/logger.go:301	trace batch flush	{"count": 0, "active_remaining": 0}
2026-08-30 20:33:49	debug	logger/logger.go:301	trace batch flush	{"count": 0, "active_remaining": 0}
2026-08-30 20:33:49	debug	logger/logger.go:301	trace batch flush	{"count": 0, "active_remaining": 0}
2026-08-30 20:33:50	debug	logger/logger.go:301	trace batch flush	{"count": 0, "active_remaining": 0}
2026-08-30 20:33:50	debug	logger/logger.go:301	trace batch flush	{"count": 0, "active_remaining": 0}
2026-08-30 20:33:50	debug	logger/logger.go:301	trace batch flush	{"count": 0, "active_remaining": 0}
2026-08-30 20:33:50	debug	logger/logger.go:301	trace batch flush	{"count": 0, "active_remaining": 0}
2026-08-30 20:33:50	debug	logger/logger.go:301	trace TTL scan	{"active_total": 0, "expired": 0}
2026-08-30 20:33:50	debug	logger/logger.go:301	trace batch flush	{"count": 0, "active_remaining": 0}
2026-08-30 20:33:51	debug	logger/logger.go:301	trace batch flush	{"count": 0, "active_remaining": 0}
2026-08-30 20:33:51	debug	logger/logger.go:301	trace batch flush	{"count": 0, "active_remaining": 0}
2026-08-30 20:33:51	debug	logger/logger.go:301	trace batch flush	{"count": 0, "active_remaining": 0}
2026-08-30 20:33:51	debug	logger/logger.go:301	trace batch flush	{"count": 0, "active_remaining": 0}
2026-08-30 20:33:51	debug	logger/logger.go:301	trace batch flush	{"count": 0, "active_remaining": 0}
2026-08-30 20:33:52	debug	logger/logger.go:301	trace batch flush	{"count": 0, "active_remaining": 0}
2026-08-30 20:33:52	debug	logger/logger.go:301	trace batch flush	{"count": 0, "active_remaining": 0}
2026-08-30 20:33:52	debug	logger/logger.go:301	trace batch flush	{"count": 0, "active_remaining": 0}
2026-08-30 20:33:52	debug	logger/logger.go:301	trace batch flush	{"count": 0, "active_remaining": 0}
2026-08-30 20:33:52	debug	logger/logger.go:301	trace batch flush	{"count": 0, "active_remaining": 0}
2026-08-30 20:33:53	debug	logger/logger.go:301	trace batch flush	{"count": 0, "active_remaining": 0}
2026-08-30 20:33:53	debug	logger/logger.go:301	trace batch flush	{"count": 0, "active_remaining": 0}
2026-08-30 20:33:53	debug	logger/logger.go:301	trace batch flush	{"count": 0, "active_remaining": 0}
2026-08-30 20:33:53	debug	logger/logger.go:301	trace batch flush	{"count": 0, "active_remaining": 0}
2026-08-30 20:33:53	debug	logger/logger.go:301	trace batch flush	{"count": 0, "active_remaining": 0}
2026-08-30 20:33:54	debug	logger/logger.go:301	trace batch flush	{"count": 0, "active_remaining": 0}
2026-08-30 20:33:54	debug	logger/logger.go:301	trace batch flush	{"count": 0, "active_remaining": 0}
2026-08-30 20:33:54	debug	logger/logger.go:301	trace batch flush	{"count": 0, "active_remaining": 0}
2026-08-30 20:33:54	debug	logger/logger.go:301	trace batch flush	{"count": 0, "active_remaining": 0}
2026-08-30 20:33:54	debug	logger/logger.go:301	trace batch flush	{"count": 0, "active_remaining": 0}
2026-08-30 20:33:55	debug	logger/logger.go:301	trace batch flush	{"count": 0, "active_remaining": 0}
2026-08-30 20:33:55	debug	logger/logger.go:301	trace batch flush	{"count": 0, "active_remaining": 0}
2026-08-30 20:33:55	debug	logger/logger.go:301	trace batch flush	{"count": 0, "active_remaining": 0}
2026-08-30 20:33:55	debug	logger/logger.go:301	trace batch flush	{"count": 0, "active_remaining": 0}
2026-08-30 20:33:55	debug	logger/logger.go:301	trace batch flush	{"count": 0, "active_remaining": 0}
2026-08-30 20:33:56	debug	logger/logger.go:301	trace batch flush	{"count": 0, "active_remaining": 0}
2026-08-30 20:33:56	debug	logger/logger.go:301	trace batch flush	{"count": 0, "active_remaining": 0}
2026-08-30 20:33:56	debug	logger/logger.go:301	trace batch flush	{"count": 0, "active_remaining": 0}
2026-08-30 20:33:56	debug	logger/logger.go:301	trace batch flush	{"count": 0, "active_remaining": 0}
2026-08-30 20:33:56	debug	logger/logger.go:301	trace batch flush	{"count": 0, "active_remaining": 0}
2026-08-30 20:33:57	debug	logger/logger.go:301	trace batch flush	{"count": 0, "active_remaining": 0}
2026-08-30 20:33:57	debug	logger/logger.go:301	trace batch flush	{"count": 0, "active_remaining": 0}
2026-08-30 20:33:57	debug	logger/logger.go:301	trace batch flush	{"count": 0, "active_remaining": 0}
2026-08-30 20:33:57	debug	logger/logger.go:301	trace batch flush	{"count": 0, "active_remaining": 0}
2026-08-30 20:33:57	debug	logger/logger.go:301	trace batch flush	{"count": 0, "active_remaining": 0}
2026-08-30 20:33:58	debug	logger/logger.go:301	trace batch flush	{"count": 0, "active_remaining": 0}
2026-08-30 20:33:58	debug	logger/logger.go:301	trace batch flush	{"count": 0, "active_remaining": 0}
2026-08-30 20:33:58	debug	logger/logger.go:301	trace batch flush	{"count": 0, "active_remaining": 0}
2026-08-30 20:33:58	debug	logger/logger.go:301	trace batch flush	{"count": 0, "active_remaining": 0}
2026-08-30 20:33:58	debug	logger/logger.go:301	trace batch flush	{"count": 0, "active_remaining": 0}
2026-08-30 20:33:59	debug	logger/logger.go:301	trace batch flush	{"count": 0, "active_remaining": 0}
2026-08-30 20:33:59	debug	logger/logger.go:301	trace batch flush	{"count": 0, "active_remaining": 0}
2026-08-30 20:33:59	debug	logger/logger.go:301	trace batch flush	{"count": 0, "active_remaining": 0}
2026-08-30 20:33:59	debug	logger/logger.go:301	trace batch flush	{"count": 0, "active_remaining": 0}
2026-08-30 20:33:59	debug	logger/logger.go:301	trace batch flush	{"count": 0, "active_remaining": 0}
2026-08-30 20:34:00	debug	logger/logger.go:301	trace batch flush	{"count": 0, "active_remaining": 0}
2026-08-30 20:34:00	debug	logger/logger.go:301	trace batch flush	{"count": 0, "active_remaining": 0}
2026-08-30 20:34:00	debug	logger/logger.go:301	trace batch flush	{"count": 0, "active_remaining": 0}
2026-08-30 20:34:00	debug	logger/logger.go:301	trace batch flush	{"count": 0, "active_remaining": 0}
2026-08-30 20:34:00	debug	logger/logger.go:301	trace TTL scan	{"active_total": 0, "expired": 0}
2026-08-30 20:34:00	debug	logger/logger.go:301	trace batch flush	{"count": 0, "active_remaining": 0}
2026-08-30 20:34:01	debug	logger/logger.go:301	trace batch flush	{"count": 0, "active_remaining": 0}
2026-08-30 20:34:01	debug	logger/logger.go:301	trace batch flush	{"count": 0, "active_remaining": 0}
2026-08-30 20:34:01	debug	logger/logger.go:301	trace batch flush	{"count": 0, "active_remaining": 0}
2026-08-30 20:34:01	debug	logger/logger.go:301	trace batch flush	{"count": 0, "active_remaining": 0}
2026-08-30 20:34:01	debug	logger/logger.go:301	trace batch flush	{"count": 0, "active_remaining": 0}
2026-08-30 20:34:02	debug	logger/logger.go:301	trace batch flush	{"count": 0, "active_remaining": 0}
2026-08-30 20:34:02	debug	logger/logger.go:301	trace batch flush	{"count": 0, "active_remaining": 0}
2026-08-30 20:34:02	debug	logger/logger.go:301	trace batch flush	{"count": 0, "active_remaining": 0}
2026-08-30 20:34:02	debug	logger/logger.go:301	trace batch flush	{"count": 0, "active_remaining": 0}
2026-08-30 20:34:02	debug	logger/logger.go:301	trace batch flush	{"count": 0, "active_remaining": 0}
2026-08-30 20:34:03	debug	logger/logger.go:301	trace batch flush	{"count": 0, "active_remaining": 0}
2026-08-30 20:34:03	debug	logger/logger.go:301	trace batch flush	{"count": 0, "active_remaining": 0}
2026-08-30 20:34:03	debug	logger/logger.go:301	trace batch flush	{"count": 0, "active_remaining": 0}
2026-08-30 20:34:03	debug	logger/logger.go:301	trace batch flush	{"count": 0, "active_remaining": 0}
2026-08-30 20:34:03	debug	logger/logger.go:301	trace batch flush	{"count": 0, "active_remaining": 0}
2026-08-30 20:34:04	debug	logger/logger.go:301	trace batch flush	{"count": 0, "active_remaining": 0}
2026-08-30 20:34:04	debug	logger/logger.go:301	trace batch flush	{"count": 0, "active_remaining": 0}
2026-08-30 20:34:04	debug	logger/logger.go:301	trace batch flush	{"count": 0, "active_remaining": 0}
2026-08-30 20:34:04	debug	logger/logger.go:301	trace batch flush	{"count": 0, "active_remaining": 0}
2026-08-30 20:34:04	debug	logger/logger.go:301	trace batch flush	{"count": 0, "active_remaining": 0}
2026-08-30 20:34:05	debug	logger/logger.go:301	trace batch flush	{"count": 0, "active_remaining": 0}
2026-08-30 20:34:05	debug	logger/logger.go:301	trace batch flush	{"count": 0, "active_remaining": 0}
2026-08-30 20:34:05	debug	logger/logger.go:301	trace batch flush	{"count": 0, "active_remaining": 0}
2026-08-30 20:34:05	debug	logger/logger.go:301	trace batch flush	{"count": 0, "active_remaining": 0}
2026-08-30 20:34:05	debug	logger/logger.go:301	trace batch flush	{"count": 0, "active_remaining": 0}
2026-08-30 20:34:06	debug	logger/logger.go:301	trace batch flush	{"count": 0, "active_remaining": 0}
2026-08-30 20:34:06	debug	logger/logger.go:301	trace batch flush	{"count": 0, "active_remaining": 0}
2026-08-30 20:34:06	debug	logger/logger.go:301	trace batch flush	{"count": 0, "active_remaining": 0}
2026-08-30 20:34:06	debug	logger/logger.go:301	trace batch flush	{"count": 0, "active_remaining": 0}
2026-08-30 20:34:06	debug	logger/logger.go:301	trace batch flush	{"count": 0, "active_remaining": 0}
2026-08-30 20:34:07	debug	logger/logger.go:301	trace batch flush	{"count": 0, "active_remaining": 0}
2026-08-30 20:34:07	debug	logger/logger.go:301	trace batch flush	{"count": 0, "active_remaining": 0}
2026-08-30 20:34:07	debug	logger/logger.go:301	trace batch flush	{"count": 0, "active_remaining": 0}
2026-08-30 20:34:07	debug	logger/logger.go:301	trace batch flush	{"count": 0, "active_remaining": 0}
2026-08-30 20:34:07	debug	logger/logger.go:301	trace batch flush	{"count": 0, "active_remaining": 0}
2026-08-30 20:34:08	debug	logger/logger.go:301	trace batch flush	{"count": 0, "active_remaining": 0}
2026-08-30 20:34:08	debug	logger/logger.go:301	trace batch flush	{"count": 0, "active_remaining": 0}
2026-08-30 20:34:08	debug	logger/logger.go:301	trace batch flush	{"count": 0, "active_remaining": 0}
2026-08-30 20:34:08	debug	logger/logger.go:301	trace batch flush	{"count": 0, "active_remaining": 0}
2026-08-30 20:34:08	debug	logger/logger.go:301	trace batch flush	{"count": 0, "active_remaining": 0}
2026-08-30 20:34:09	debug	logger/logger.go:301	trace batch flush	{"count": 0, "active_remaining": 0}
2026-08-30 20:34:09	debug	logger/logger.go:301	trace batch flush	{"count": 0, "active_remaining": 0}
2026-08-30 20:34:09	debug	logger/logger.go:301	trace batch flush	{"count": 0, "active_remaining": 0}
2026-08-30 20:34:09	debug	logger/logger.go:301	trace batch flush	{"count": 0, "active_remaining": 0}
2026-08-30 20:34:09	debug	logger/logger.go:301	trace batch flush	{"count": 0, "active_remaining": 0}
2026-08-30 20:34:10	debug	logger/logger.go:301	trace batch flush	{"count": 0, "active_remaining": 0}
2026-08-30 20:34:10	debug	logger/logger.go:301	trace batch flush	{"count": 0, "active_remaining": 0}
2026-08-30 20:34:10	debug	logger/logger.go:301	trace batch flush	{"count": 0, "active_remaining": 0}
2026-08-30 20:34:10	debug	logger/logger.go:301	trace batch flush	{"count": 0, "active_remaining": 0}
2026-08-30 20:34:10	debug	logger/logger.go:301	trace TTL scan	{"active_total": 0, "expired": 0}
2026-08-30 20:34:10	debug	logger/logger.go:301	trace batch flush	{"count": 0, "active_remaining": 0}
2026-08-30 20:34:11	debug	logger/logger.go:301	trace batch flush	{"count": 0, "active_remaining": 0}
2026-08-30 20:34:11	debug	logger/logger.go:301	trace batch flush	{"count": 0, "active_remaining": 0}
2026-08-30 20:34:11	debug	logger/logger.go:301	trace batch flush	{"count": 0, "active_remaining": 0}
2026-08-30 20:34:11	debug	logger/logger.go:301	trace batch flush	{"count": 0, "active_remaining": 0}
2026-08-30 20:34:11	debug	logger/logger.go:301	trace batch flush	{"count": 0, "active_remaining": 0}
2026-08-30 20:34:12	debug	logger/logger.go:301	trace batch flush	{"count": 0, "active_remaining": 0}
2026-08-30 20:34:12	debug	logger/logger.go:301	trace batch flush	{"count": 0, "active_remaining": 0}
2026-08-30 20:34:12	debug	logger/logger.go:301	trace batch flush	{"count": 0, "active_remaining": 0}
2026-08-30 20:34:12	debug	logger/logger.go:301	trace batch flush	{"count": 0, "active_remaining": 0}
2026-08-30 20:34:12	debug	logger/logger.go:301	trace batch flush	{"count": 0, "active_remaining": 0}
2026-08-30 20:34:13	debug	logger/logger.go:301	trace batch flush	{"count": 0, "active_remaining": 0}
2026-08-30 20:34:13	debug	logger/logger.go:301	trace batch flush	{"count": 0, "active_remaining": 0}
2026-08-30 20:34:13	debug	logger/logger.go:301	trace batch flush	{"count": 0, "active_remaining": 0}
2026-08-30 20:34:13	debug	logger/logger.go:301	trace batch flush	{"count": 0, "active_remaining": 0}
2026-08-30 20:34:13	debug	logger/logger.go:301	trace batch flush	{"count": 0, "active_remaining": 0}
2026-08-30 20:34:14	debug	logger/logger.go:301	trace batch flush	{"count": 0, "active_remaining": 0}
2026-08-30 20:34:14	debug	logger/logger.go:301	trace batch flush	{"count": 0, "active_remaining": 0}
2026-08-30 20:34:14	debug	logger/logger.go:301	trace batch flush	{"count": 0, "active_remaining": 0}
2026-08-30 20:34:14	debug	logger/logger.go:301	trace batch flush	{"count": 0, "active_remaining": 0}
2026-08-30 20:34:14	debug	logger/logger.go:301	trace batch flush	{"count": 0, "active_remaining": 0}
2026-08-30 20:34:15	debug	logger/logger.go:301	trace batch flush	{"count": 0, "active_remaining": 0}
2026-08-30 20:34:15	debug	logger/logger.go:301	trace batch flush	{"count": 0, "active_remaining": 0}
2026-08-30 20:34:15	debug	logger/logger.go:301	trace batch flush	{"count": 0, "active_remaining": 0}
2026-08-30 20:34:15	debug	logger/logger.go:301	trace batch flush	{"count": 0, "active_remaining": 0}
2026-08-30 20:34:15	debug	logger/logger.go:301	trace batch flush	{"count": 0, "active_remaining": 0}
2026-08-30 20:34:16	debug	logger/logger.go:301	trace batch flush	{"count": 0, "active_remaining": 0}
2026-08-30 20:34:16	debug	logger/logger.go:301	trace batch flush	{"count": 0, "active_remaining": 0}
2026-08-30 20:34:16	debug	logger/logger.go:301	trace batch flush	{"count": 0, "active_remaining": 0}
2026-08-30 20:34:16	debug	logger/logger.go:301	trace batch flush	{"count": 0, "active_remaining": 0}
2026-08-30 20:34:16	debug	logger/logger.go:301	trace batch flush	{"count": 0, "active_remaining": 0}
2026-08-30 20:34:17	debug	logger/logger.go:301	trace batch flush	{"count": 0, "active_remaining": 0}
2026-08-30 20:34:17	debug	logger/logger.go:301	trace batch flush	{"count": 0, "active_remaining": 0}
2026-08-30 20:34:17	debug	logger/logger.go:301	trace batch flush	{"count": 0, "active_remaining": 0}
2026-08-30 20:34:17	debug	logger/logger.go:301	trace batch flush	{"count": 0, "active_remaining": 0}
2026-08-30 20:34:17	debug	logger/logger.go:301	trace batch flush	{"count": 0, "active_remaining": 0}
2026-08-30 20:34:18	debug	logger/logger.go:301	trace batch flush	{"count": 0, "active_remaining": 0}
2026-08-30 20:34:18	debug	logger/logger.go:301	trace batch flush	{"count": 0, "active_remaining": 0}
2026-08-30 20:34:18	debug	logger/logger.go:301	trace batch flush	{"count": 0, "active_remaining": 0}
2026-08-30 20:34:18	debug	logger/logger.go:301	trace batch flush	{"count": 0, "active_remaining": 0}
2026-08-30 20:34:19	debug	logger/logger.go:301	trace batch flush	{"count": 0, "active_remaining": 0}
2026-08-30 20:34:19	debug	logger/logger.go:301	trace batch flush	{"count": 0, "active_remaining": 0}
2026-08-30 20:34:19	debug	logger/logger.go:301	trace batch flush	{"count": 0, "active_remaining": 0}
2026-08-30 20:34:19	debug	logger/logger.go:301	trace batch flush	{"count": 0, "active_remaining": 0}
2026-08-30 20:34:19	debug	logger/logger.go:301	trace batch flush	{"count": 0, "active_remaining": 0}
2026-08-30 20:34:20	debug	logger/logger.go:301	trace batch flush	{"count": 0, "active_remaining": 0}
2026-08-30 20:34:20	debug	logger/logger.go:301	trace batch flush	{"count": 0, "active_remaining": 0}
2026-08-30 20:34:20	debug	logger/logger.go:301	trace batch flush	{"count": 0, "active_remaining": 0}
2026-08-30 20:34:20	debug	logger/logger.go:301	trace batch flush	{"count": 0, "active_remaining": 0}
2026-08-30 20:34:20	debug	logger/logger.go:301	trace batch flush	{"count": 0, "active_remaining": 0}
2026-08-30 20:34:20	debug	logger/logger.go:301	trace TTL scan	{"active_total": 0, "expired": 0}
2026-08-30 20:34:21	debug	logger/logger.go:301	trace batch flush	{"count": 0, "active_remaining": 0}
2026-08-30 20:34:21	debug	logger/logger.go:301	trace batch flush	{"count": 0, "active_remaining": 0}
2026-08-30 20:34:21	debug	logger/logger.go:301	trace batch flush	{"count": 0, "active_remaining": 0}
2026-08-30 20:34:21	debug	logger/logger.go:301	trace batch flush	{"count": 0, "active_remaining": 0}
2026-08-30 20:34:21	debug	logger/logger.go:301	trace batch flush	{"count": 0, "active_remaining": 0}
2026-08-30 20:34:22	debug	logger/logger.go:301	trace batch flush	{"count": 0, "active_remaining": 0}
2026-08-30 20:34:22	debug	logger/logger.go:301	trace batch flush	{"count": 0, "active_remaining": 0}
2026-08-30 20:34:22	debug	logger/logger.go:301	trace batch flush	{"count": 0, "active_remaining": 0}
2026-08-30 20:34:22	debug	logger/logger.go:301	trace batch flush	{"count": 0, "active_remaining": 0}
2026-08-30 20:34:22	debug	logger/logger.go:301	trace batch flush	{"count": 0, "active_remaining": 0}
2026-08-30 20:34:23	debug	logger/logger.go:301	trace batch flush	{"count": 0, "active_remaining": 0}
2026-08-30 20:34:23	debug	logger/logger.go:301	trace batch flush	{"count": 0, "active_remaining": 0}
2026-08-30 20:34:23	debug	logger/logger.go:301	trace batch flush	{"count": 0, "active_remaining": 0}
2026-08-30 20:34:23	debug	logger/logger.go:301	trace batch flush	{"count": 0, "active_remaining": 0}
2026-08-30 20:34:23	debug	logger/logger.go:301	trace batch flush	{"count": 0, "active_remaining": 0}
2026-08-30 20:34:24	debug	logger/logger.go:301	trace batch flush	{"count": 0, "active_remaining": 0}
2026-08-30 20:34:24	debug	logger/logger.go:301	trace batch flush	{"count": 0, "active_remaining": 0}
2026-08-30 20:34:24	debug	logger/logger.go:301	trace batch flush	{"count": 0, "active_remaining": 0}
2026-08-30 20:34:24	debug	logger/logger.go:301	trace batch flush	{"count": 0, "active_remaining": 0}
2026-08-30 20:34:24	debug	logger/logger.go:301	trace batch flush	{"count": 0, "active_remaining": 0}
2026-08-30 20:34:25	debug	logger/logger.go:301	trace batch flush	{"count": 0, "active_remaining": 0}
2026-08-30 20:34:25	debug	logger/logger.go:301	trace batch flush	{"count": 0, "active_remaining": 0}
2026-08-30 20:34:25	debug	logger/logger.go:301	trace batch flush	{"count": 0, "active_remaining": 0}
2026-08-30 20:34:25	debug	logger/logger.go:301	trace batch flush	{"count": 0, "active_remaining": 0}
2026-08-30 20:34:25	debug	logger/logger.go:301	trace batch flush	{"count": 0, "active_remaining": 0}
2026-08-30 20:34:26	debug	logger/logger.go:301	trace batch flush	{"count": 0, "active_remaining": 0}
2026-08-30 20:34:26	debug	logger/logger.go:301	trace batch flush	{"count": 0, "active_remaining": 0}
2026-08-30 20:34:26	debug	logger/logger.go:301	trace batch flush	{"count": 0, "active_remaining": 0}
2026-08-30 20:34:26	debug	logger/logger.go:301	trace batch flush	{"count": 0, "active_remaining": 0}
2026-08-30 20:34:26	debug	logger/logger.go:301	trace batch flush	{"count": 0, "active_remaining": 0}
2026-08-30 20:34:27	debug	logger/logger.go:301	trace batch flush	{"count": 0, "active_remaining": 0}
2026-08-30 20:34:27	debug	logger/logger.go:301	trace batch flush	{"count": 0, "active_remaining": 0}
2026-08-30 20:34:27	debug	logger/logger.go:301	trace batch flush	{"count": 0, "active_remaining": 0}
2026-08-30 20:34:27	debug	logger/logger.go:301	trace batch flush	{"count": 0, "active_remaining": 0}
2026-08-30 20:34:27	debug	logger/logger.go:301	trace batch flush	{"count": 0, "active_remaining": 0}
2026-08-30 20:34:28	debug	logger/logger.go:301	trace batch flush	{"count": 0, "active_remaining": 0}
2026-08-30 20:34:28	debug	logger/logger.go:301	trace batch flush	{"count": 0, "active_remaining": 0}
2026-08-30 20:34:28	debug	logger/logger.go:301	trace batch flush	{"count": 0, "active_remaining": 0}
2026-08-30 20:34:28	debug	logger/logger.go:301	trace batch flush	{"count": 0, "active_remaining": 0}
2026-08-30 20:34:28	debug	logger/logger.go:301	trace batch flush	{"count": 0, "active_remaining": 0}
2026-08-30 20:34:29	debug	logger/logger.go:301	trace batch flush	{"count": 0, "active_remaining": 0}
2026-08-30 20:34:29	debug	logger/logger.go:301	trace batch flush	{"count": 0, "active_remaining": 0}
2026-08-30 20:34:29	debug	logger/logger.go:301	trace batch flush	{"count": 0, "active_remaining": 0}
2026-08-30 20:34:29	debug	logger/logger.go:301	trace batch flush	{"count": 0, "active_remaining": 0}
2026-08-30 20:34:29	debug	logger/logger.go:301	trace batch flush	{"count": 0, "active_remaining": 0}
2026-08-30 20:34:30	debug	logger/logger.go:301	trace batch flush	{"count": 0, "active_remaining": 0}
2026-08-30 20:34:30	debug	logger/logger.go:301	trace batch flush	{"count": 0, "active_remaining": 0}
2026-08-30 20:34:30	debug	logger/logger.go:301	trace batch flush	{"count": 0, "active_remaining": 0}
2026-08-30 20:34:30	debug	logger/logger.go:301	trace batch flush	{"count": 0, "active_remaining": 0}
2026-08-30 20:34:30	debug	logger/logger.go:301	trace batch flush	{"count": 0, "active_remaining": 0}
2026-08-30 20:34:30	debug	logger/logger.go:301	trace TTL scan	{"active_total": 0, "expired": 0}
2026-08-30 20:34:31	debug	logger/logger.go:301	trace batch flush	{"count": 0, "active_remaining": 0}
2026-08-30 20:34:31	debug	logger/logger.go:301	trace batch flush	{"count": 0, "active_remaining": 0}
2026-08-30 20:34:31	debug	logger/logger.go:301	trace batch flush	{"count": 0, "active_remaining": 0}
2026-08-30 20:34:31	debug	logger/logger.go:301	trace batch flush	{"count": 0, "active_remaining": 0}
2026-08-30 20:34:31	debug	logger/logger.go:301	trace batch flush	{"count": 0, "active_remaining": 0}
2026-08-30 20:34:32	debug	logger/logger.go:301	trace batch flush	{"count": 0, "active_remaining": 0}
2026-08-30 20:34:32	debug	logger/logger.go:301	trace batch flush	{"count": 0, "active_remaining": 0}
2026-08-30 20:34:32	debug	logger/logger.go:301	trace batch flush	{"count": 0, "active_remaining": 0}
2026-08-30 20:34:32	debug	logger/logger.go:301	trace batch flush	{"count": 0, "active_remaining": 0}
2026-08-30 20:34:32	debug	logger/logger.go:301	trace batch flush	{"count": 0, "active_remaining": 0}
2026-08-30 20:34:33	debug	logger/logger.go:301	trace batch flush	{"count": 0, "active_remaining": 0}
2026-08-30 20:34:33	debug	logger/logger.go:301	trace batch flush	{"count": 0, "active_remaining": 0}
2026-08-30 20:34:33	debug	logger/logger.go:301	trace batch flush	{"count": 0, "active_remaining": 0}
2026-08-30 20:34:33	debug	logger/logger.go:301	trace batch flush	{"count": 0, "active_remaining": 0}
2026-08-30 20:34:33	debug	logger/logger.go:301	trace batch flush	{"count": 0, "active_remaining": 0}
2026-08-30 20:34:34	debug	logger/logger.go:301	trace batch flush	{"count": 0, "active_remaining": 0}
2026-08-30 20:34:34	debug	logger/logger.go:301	trace batch flush	{"count": 0, "active_remaining": 0}
2026-08-30 20:34:34	debug	logger/logger.go:301	trace batch flush	{"count": 0, "active_remaining": 0}
2026-08-30 20:34:34	debug	logger/logger.go:301	trace batch flush	{"count": 0, "active_remaining": 0}
2026-08-30 20:34:34	debug	logger/logger.go:301	trace batch flush	{"count": 0, "active_remaining": 0}
2026-08-30 20:34:35	debug	logger/logger.go:301	trace batch flush	{"count": 0, "active_remaining": 0}
2026-08-30 20:34:35	debug	logger/logger.go:301	trace batch flush	{"count": 0, "active_remaining": 0}
2026-08-30 20:34:35	debug	logger/logger.go:301	trace batch flush	{"count": 0, "active_remaining": 0}
2026-08-30 20:34:35	debug	logger/logger.go:301	trace batch flush	{"count": 0, "active_remaining": 0}
2026-08-30 20:34:35	debug	logger/logger.go:301	trace batch flush	{"count": 0, "active_remaining": 0}
2026-08-30 20:34:36	debug	logger/logger.go:301	trace batch flush	{"count": 0, "active_remaining": 0}
2026-08-30 20:34:36	debug	logger/logger.go:301	trace batch flush	{"count": 0, "active_remaining": 0}
2026-08-30 20:34:36	debug	logger/logger.go:301	trace batch flush	{"count": 0, "active_remaining": 0}
2026-08-30 20:34:36	debug	logger/logger.go:301	trace batch flush	{"count": 0, "active_remaining": 0}
2026-08-30 20:34:36	debug	logger/logger.go:301	trace batch flush	{"count": 0, "active_remaining": 0}
2026-08-30 20:34:37	debug	logger/logger.go:301	trace batch flush	{"count": 0, "active_remaining": 0}
2026-08-30 20:34:37	debug	logger/logger.go:301	trace batch flush	{"count": 0, "active_remaining": 0}
2026-08-30 20:34:37	debug	logger/logger.go:301	trace batch flush	{"count": 0, "active_remaining": 0}
2026-08-30 20:34:37	debug	logger/logger.go:301	trace batch flush	{"count": 0, "active_remaining": 0}
2026-08-30 20:34:37	debug	logger/logger.go:301	trace batch flush	{"count": 0, "active_remaining": 0}
2026-08-30 20:34:38	debug	logger/logger.go:301	trace batch flush	{"count": 0, "active_remaining": 0}
2026-08-30 20:34:38	debug	logger/logger.go:301	trace batch flush	{"count": 0, "active_remaining": 0}
2026-08-30 20:34:38	debug	logger/logger.go:301	trace batch flush	{"count": 0, "active_remaining": 0}
2026-08-30 20:34:38	debug	logger/logger.go:301	trace batch flush	{"count": 0, "active_remaining": 0}
2026-08-30 20:34:38	debug	logger/logger.go:301	trace batch flush	{"count": 0, "active_remaining": 0}
2026-08-30 20:34:39	debug	logger/logger.go:301	trace batch flush	{"count": 0, "active_remaining": 0}
2026-08-30 20:34:39	debug	logger/logger.go:301	trace batch flush	{"count": 0, "active_remaining": 0}
2026-08-30 20:34:39	debug	logger/logger.go:301	trace batch flush	{"count": 0, "active_remaining": 0}
2026-08-30 20:34:39	debug	logger/logger.go:301	trace batch flush	{"count": 0, "active_remaining": 0}
2026-08-30 20:34:39	debug	logger/logger.go:301	trace batch flush	{"count": 0, "active_remaining": 0}
2026-08-30 20:34:40	debug	logger/logger.go:301	trace batch flush	{"count": 0, "active_remaining": 0}
2026-08-30 20:34:40	debug	logger/logger.go:301	trace batch flush	{"count": 0, "active_remaining": 0}
2026-08-30 20:34:40	debug	logger/logger.go:301	trace batch flush	{"count": 0, "active_remaining": 0}
2026-08-30 20:34:40	debug	logger/logger.go:301	trace batch flush	{"count": 0, "active_remaining": 0}
2026-08-30 20:34:40	debug	logger/logger.go:301	trace batch flush	{"count": 0, "active_remaining": 0}
2026-08-30 20:34:40	debug	logger/logger.go:301	trace TTL scan	{"active_total": 0, "expired": 0}
2026-08-30 20:34:41	debug	logger/logger.go:301	trace batch flush	{"count": 0, "active_remaining": 0}
2026-08-30 20:34:41	debug	logger/logger.go:301	trace batch flush	{"count": 0, "active_remaining": 0}
2026-08-30 20:34:41	debug	logger/logger.go:301	trace batch flush	{"count": 0, "active_remaining": 0}
2026-08-30 20:34:41	debug	logger/logger.go:301	trace batch flush	{"count": 0, "active_remaining": 0}
2026-08-30 20:34:41	debug	logger/logger.go:301	trace batch flush	{"count": 0, "active_remaining": 0}
2026-08-30 20:34:42	debug	logger/logger.go:301	trace batch flush	{"count": 0, "active_remaining": 0}
2026-08-30 20:34:42	debug	logger/logger.go:301	trace batch flush	{"count": 0, "active_remaining": 0}
2026-08-30 20:34:42	debug	logger/logger.go:301	trace batch flush	{"count": 0, "active_remaining": 0}
2026-08-30 20:34:42	debug	logger/logger.go:301	trace batch flush	{"count": 0, "active_remaining": 0}
2026-08-30 20:34:42	debug	logger/logger.go:301	trace batch flush	{"count": 0, "active_remaining": 0}
2026-08-30 20:34:43	debug	logger/logger.go:301	trace batch flush	{"count": 0, "active_remaining": 0}
2026-08-30 20:34:43	debug	logger/logger.go:301	trace batch flush	{"count": 0, "active_remaining": 0}
2026-08-30 20:34:43	debug	logger/logger.go:301	trace batch flush	{"count": 0, "active_remaining": 0}
2026-08-30 20:34:43	debug	logger/logger.go:301	trace batch flush	{"count": 0, "active_remaining": 0}
2026-08-30 20:34:43	debug	logger/logger.go:301	trace batch flush	{"count": 0, "active_remaining": 0}
2026-08-30 20:34:44	debug	logger/logger.go:301	trace batch flush	{"count": 0, "active_remaining": 0}
2026-08-30 20:34:44	debug	logger/logger.go:301	trace batch flush	{"count": 0, "active_remaining": 0}
2026-08-30 20:34:44	debug	logger/logger.go:301	trace batch flush	{"count": 0, "active_remaining": 0}
2026-08-30 20:34:44	debug	logger/logger.go:301	trace batch flush	{"count": 0, "active_remaining": 0}
2026-08-30 20:34:44	debug	logger/logger.go:301	trace batch flush	{"count": 0, "active_remaining": 0}
2026-08-30 20:34:45	debug	logger/logger.go:301	trace batch flush	{"count": 0, "active_remaining": 0}
2026-08-30 20:34:45	debug	logger/logger.go:301	trace batch flush	{"count": 0, "active_remaining": 0}
2026-08-30 20:34:45	debug	logger/logger.go:301	trace batch flush	{"count": 0, "active_remaining": 0}
2026-08-30 20:34:45	debug	logger/logger.go:301	trace batch flush	{"count": 0, "active_remaining": 0}
2026-08-30 20:34:45	debug	logger/logger.go:301	trace batch flush	{"count": 0, "active_remaining": 0}
2026-08-30 20:34:46	debug	logger/logger.go:301	trace batch flush	{"count": 0, "active_remaining": 0}
2026-08-30 20:34:46	debug	logger/logger.go:301	trace batch flush	{"count": 0, "active_remaining": 0}
2026-08-30 20:34:46	debug	logger/logger.go:301	trace batch flush	{"count": 0, "active_remaining": 0}
2026-08-30 20:34:46	debug	logger/logger.go:301	trace batch flush	{"count": 0, "active_remaining": 0}
2026-08-30 20:34:46	debug	logger/logger.go:301	trace batch flush	{"count": 0, "active_remaining": 0}
2026-08-30 20:34:47	debug	logger/logger.go:301	trace batch flush	{"count": 0, "active_remaining": 0}
2026-08-30 20:34:47	debug	logger/logger.go:301	trace batch flush	{"count": 0, "active_remaining": 0}
2026-08-30 20:34:47	debug	logger/logger.go:301	trace batch flush	{"count": 0, "active_remaining": 0}
2026-08-30 20:34:47	debug	logger/logger.go:301	trace batch flush	{"count": 0, "active_remaining": 0}
2026-08-30 20:34:47	debug	logger/logger.go:301	trace batch flush	{"count": 0, "active_remaining": 0}
2026-08-30 20:34:48	debug	logger/logger.go:301	trace batch flush	{"count": 0, "active_remaining": 0}
2026-08-30 20:34:48	debug	logger/logger.go:301	trace batch flush	{"count": 0, "active_remaining": 0}
2026-08-30 20:34:48	debug	logger/logger.go:301	trace batch flush	{"count": 0, "active_remaining": 0}
2026-08-30 20:34:48	debug	logger/logger.go:301	trace batch flush	{"count": 0, "active_remaining": 0}
2026-08-30 20:34:48	debug	logger/logger.go:301	trace batch flush	{"count": 0, "active_remaining": 0}
2026-08-30 20:34:49	debug	logger/logger.go:301	trace batch flush	{"count": 0, "active_remaining": 0}
2026-08-30 20:34:49	debug	logger/logger.go:301	trace batch flush	{"count": 0, "active_remaining": 0}
2026-08-30 20:34:49	debug	logger/logger.go:301	trace batch flush	{"count": 0, "active_remaining": 0}
2026-08-30 20:34:49	debug	logger/logger.go:301	trace batch flush	{"count": 0, "active_remaining": 0}
2026-08-30 20:34:49	debug	logger/logger.go:301	trace batch flush	{"count": 0, "active_remaining": 0}
2026-08-30 20:34:50	debug	logger/logger.go:301	trace batch flush	{"count": 0, "active_remaining": 0}
2026-08-30 20:34:50	debug	logger/logger.go:301	trace batch flush	{"count": 0, "active_remaining": 0}
2026-08-30 20:34:50	debug	logger/logger.go:301	trace batch flush	{"count": 0, "active_remaining": 0}
2026-08-30 20:34:50	debug	logger/logger.go:301	trace batch flush	{"count": 0, "active_remaining": 0}
2026-08-30 20:34:50	debug	logger/logger.go:301	trace TTL scan	{"active_total": 0, "expired": 0}
2026-08-30 20:34:50	debug	logger/logger.go:301	trace batch flush	{"count": 0, "active_remaining": 0}
2026-08-30 20:34:51	debug	logger/logger.go:301	trace batch flush	{"count": 0, "active_remaining": 0}
2026-08-30 20:34:51	debug	logger/logger.go:301	trace batch flush	{"count": 0, "active_remaining": 0}
2026-08-30 20:34:51	debug	logger/logger.go:301	trace batch flush	{"count": 0, "active_remaining": 0}
2026-08-30 20:34:51	debug	logger/logger.go:301	trace batch flush	{"count": 0, "active_remaining": 0}
2026-08-30 20:34:51	debug	logger/logger.go:301	trace batch flush	{"count": 0, "active_remaining": 0}
2026-08-30 20:34:52	debug	logger/logger.go:301	trace batch flush	{"count": 0, "active_remaining": 0}
2026-08-30 20:34:52	debug	logger/logger.go:301	trace batch flush	{"count": 0, "active_remaining": 0}
2026-08-30 20:34:52	debug	logger/logger.go:301	trace batch flush	{"count": 0, "active_remaining": 0}
2026-08-30 20:34:52	debug	logger/logger.go:301	trace batch flush	{"count": 0, "active_remaining": 0}
2026-08-30 20:34:52	debug	logger/logger.go:301	trace batch flush	{"count": 0, "active_remaining": 0}
2026-08-30 20:34:53	debug	logger/logger.go:301	trace batch flush	{"count": 0, "active_remaining": 0}
2026-08-30 20:34:53	debug	logger/logger.go:301	trace batch flush	{"count": 0, "active_remaining": 0}
2026-08-30 20:34:53	debug	logger/logger.go:301	trace batch flush	{"count": 0, "active_remaining": 0}
2026-08-30 20:34:53	debug	logger/logger.go:301	trace batch flush	{"count": 0, "active_remaining": 0}
2026-08-30 20:34:53	debug	logger/logger.go:301	trace batch flush	{"count": 0, "active_remaining": 0}
2026-08-30 20:34:54	debug	logger/logger.go:301	trace batch flush	{"count": 0, "active_remaining": 0}
2026-08-30 20:34:54	debug	logger/logger.go:301	trace batch flush	{"count": 0, "active_remaining": 0}
2026-08-30 20:34:54	debug	logger/logger.go:301	trace batch flush	{"count": 0, "active_remaining": 0}
2026-08-30 20:34:54	debug	logger/logger.go:301	trace batch flush	{"count": 0, "active_remaining": 0}
2026-08-30 20:34:54	debug	logger/logger.go:301	trace batch flush	{"count": 0, "active_remaining": 0}
2026-08-30 20:34:55	debug	logger/logger.go:301	trace batch flush	{"count": 0, "active_remaining": 0}
2026-08-30 20:34:55	debug	logger/logger.go:301	trace batch flush	{"count": 0, "active_remaining": 0}
2026-08-30 20:34:55	debug	logger/logger.go:301	trace batch flush	{"count": 0, "active_remaining": 0}
2026-08-30 20:34:55	debug	logger/logger.go:301	trace batch flush	{"count": 0, "active_remaining": 0}
2026-08-30 20:34:55	debug	logger/logger.go:301	trace batch flush	{"count": 0, "active_remaining": 0}
2026-08-30 20:34:56	debug	logger/logger.go:301	trace batch flush	{"count": 0, "active_remaining": 0}
2026-08-30 20:34:56	debug	logger/logger.go:301	trace batch flush	{"count": 0, "active_remaining": 0}
2026-08-30 20:34:56	debug	logger/logger.go:301	trace batch flush	{"count": 0, "active_remaining": 0}
2026-08-30 20:34:56	debug	logger/logger.go:301	trace batch flush	{"count": 0, "active_remaining": 0}
2026-08-30 20:34:56	debug	logger/logger.go:301	trace batch flush	{"count": 0, "active_remaining": 0}
2026-08-30 20:34:57	debug	logger/logger.go:301	trace batch flush	{"count": 0, "active_remaining": 0}
2026-08-30 20:34:57	debug	logger/logger.go:301	trace batch flush	{"count": 0, "active_remaining": 0}
2026-08-30 20:34:57	debug	logger/logger.go:301	trace batch flush	{"count": 0, "active_remaining": 0}
2026-08-30 20:34:57	debug	logger/logger.go:301	trace batch flush	{"count": 0, "active_remaining": 0}
2026-08-30 20:34:57	debug	logger/logger.go:301	trace batch flush	{"count": 0, "active_remaining": 0}
2026-08-30 20:34:58	debug	logger/logger.go:301	trace batch flush	{"count": 0, "active_remaining": 0}
2026-08-30 20:34:58	debug	logger/logger.go:301	trace batch flush	{"count": 0, "active_remaining": 0}
2026-08-30 20:34:58	debug	logger/logger.go:301	trace batch flush	{"count": 0, "active_remaining": 0}
2026-08-30 20:34:58	debug	logger/logger.go:301	trace batch flush	{"count": 0, "active_remaining": 0}
2026-08-30 20:34:58	debug	logger/logger.go:301	trace batch flush	{"count": 0, "active_remaining": 0}
2026-08-30 20:34:59	debug	logger/logger.go:301	trace batch flush	{"count": 0, "active_remaining": 0}
2026-08-30 20:34:59	debug	logger/logger.go:301	trace batch flush	{"count": 0, "active_remaining": 0}
2026-08-30 20:34:59	debug	logger/logger.go:301	trace batch flush	{"count": 0, "active_remaining": 0}
2026-08-30 20:34:59	debug	logger/logger.go:301	trace batch flush	{"count": 0, "active_remaining": 0}
2026-08-30 20:34:59	debug	logger/logger.go:301	trace batch flush	{"count": 0, "active_remaining": 0}
2026-08-30 20:35:00	debug	logger/logger.go:301	trace batch flush	{"count": 0, "active_remaining": 0}
2026-08-30 20:35:00	debug	logger/logger.go:301	trace batch flush	{"count": 0, "active_remaining": 0}
2026-08-30 20:35:00	debug	logger/logger.go:301	trace batch flush	{"count": 0, "active_remaining": 0}
2026-08-30 20:35:00	debug	logger/logger.go:301	trace batch flush	{"count": 0, "active_remaining": 0}
2026-08-30 20:35:00	debug	logger/logger.go:301	trace TTL scan	{"active_total": 0, "expired": 0}
2026-08-30 20:35:00	debug	logger/logger.go:301	trace batch flush	{"count": 0, "active_remaining": 0}
2026-08-30 20:35:01	debug	logger/logger.go:301	trace batch flush	{"count": 0, "active_remaining": 0}
2026-08-30 20:35:01	debug	logger/logger.go:301	trace batch flush	{"count": 0, "active_remaining": 0}
2026-08-30 20:35:01	debug	logger/logger.go:301	trace batch flush	{"count": 0, "active_remaining": 0}
2026-08-30 20:35:01	debug	logger/logger.go:301	trace batch flush	{"count": 0, "active_remaining": 0}
2026-08-30 20:35:01	debug	logger/logger.go:301	trace batch flush	{"count": 0, "active_remaining": 0}
2026-08-30 20:35:02	debug	logger/logger.go:301	trace batch flush	{"count": 0, "active_remaining": 0}
2026-08-30 20:35:02	debug	logger/logger.go:301	trace batch flush	{"count": 0, "active_remaining": 0}
2026-08-30 20:35:02	debug	logger/logger.go:301	trace batch flush	{"count": 0, "active_remaining": 0}
2026-08-30 20:35:02	debug	logger/logger.go:301	trace batch flush	{"count": 0, "active_remaining": 0}
2026-08-30 20:35:02	debug	logger/logger.go:301	trace batch flush	{"count": 0, "active_remaining": 0}
2026-08-30 20:35:03	debug	logger/logger.go:301	trace batch flush	{"count": 0, "active_remaining": 0}
2026-08-30 20:35:03	debug	logger/logger.go:301	trace batch flush	{"count": 0, "active_remaining": 0}
2026-08-30 20:35:03	debug	logger/logger.go:301	trace batch flush	{"count": 0, "active_remaining": 0}
2026-08-30 20:35:03	debug	logger/logger.go:301	trace batch flush	{"count": 0, "active_remaining": 0}
2026-08-30 20:35:03	debug	logger/logger.go:301	trace batch flush	{"count": 0, "active_remaining": 0}
2026-08-30 20:35:04	debug	logger/logger.go:301	trace batch flush	{"count": 0, "active_remaining": 0}
2026-08-30 20:35:04	debug	logger/logger.go:301	trace batch flush	{"count": 0, "active_remaining": 0}
2026-08-30 20:35:04	debug	logger/logger.go:301	trace batch flush	{"count": 0, "active_remaining": 0}
2026-08-30 20:35:04	debug	logger/logger.go:301	trace batch flush	{"count": 0, "active_remaining": 0}
2026-08-30 20:35:04	debug	logger/logger.go:301	trace batch flush	{"count": 0, "active_remaining": 0}
2026-08-30 20:35:05	debug	logger/logger.go:301	trace batch flush	{"count": 0, "active_remaining": 0}
2026-08-30 20:35:05	debug	logger/logger.go:301	trace batch flush	{"count": 0, "active_remaining": 0}
2026-08-30 20:35:05	debug	logger/logger.go:301	trace batch flush	{"count": 0, "active_remaining": 0}
2026-08-30 20:35:05	debug	logger/logger.go:301	trace batch flush	{"count": 0, "active_remaining": 0}
2026-08-30 20:35:05	debug	logger/logger.go:301	trace batch flush	{"count": 0, "active_remaining": 0}
2026-08-30 20:35:06	debug	logger/logger.go:301	trace batch flush	{"count": 0, "active_remaining": 0}
2026-08-30 20:35:06	debug	logger/logger.go:301	trace batch flush	{"count": 0, "active_remaining": 0}
2026-08-30 20:35:06	debug	logger/logger.go:301	trace batch flush	{"count": 0, "active_remaining": 0}
2026-08-30 20:35:06	debug	logger/logger.go:301	trace batch flush	{"count": 0, "active_remaining": 0}
2026-08-30 20:35:06	debug	logger/logger.go:301	trace batch flush	{"count": 0, "active_remaining": 0}
2026-08-30 20:35:07	debug	logger/logger.go:301	trace batch flush	{"count": 0, "active_remaining": 0}
2026-08-30 20:35:07	debug	logger/logger.go:301	trace batch flush	{"count": 0, "active_remaining": 0}
2026-08-30 20:35:07	debug	logger/logger.go:301	trace batch flush	{"count": 0, "active_remaining": 0}
2026-08-30 20:35:07	debug	logger/logger.go:301	trace batch flush	{"count": 0, "active_remaining": 0}
2026-08-30 20:35:07	debug	logger/logger.go:301	trace batch flush	{"count": 0, "active_remaining": 0}
2026-08-30 20:35:08	debug	logger/logger.go:301	trace batch flush	{"count": 0, "active_remaining": 0}
2026-08-30 20:35:08	debug	logger/logger.go:301	trace batch flush	{"count": 0, "active_remaining": 0}
2026-08-30 20:35:08	debug	logger/logger.go:301	trace batch flush	{"count": 0, "active_remaining": 0}
2026-08-30 20:35:08	debug	logger/logger.go:301	trace batch flush	{"count": 0, "active_remaining": 0}
2026-08-30 20:35:08	debug	logger/logger.go:301	trace batch flush	{"count": 0, "active_remaining": 0}
2026-08-30 20:35:09	debug	logger/logger.go:301	trace batch flush	{"count": 0, "active_remaining": 0}
2026-08-30 20:35:09	debug	logger/logger.go:301	trace batch flush	{"count": 0, "active_remaining": 0}
2026-08-30 20:35:09	debug	logger/logger.go:301	trace batch flush	{"count": 0, "active_remaining": 0}
2026-08-30 20:35:09	debug	logger/logger.go:301	trace batch flush	{"count": 0, "active_remaining": 0}
2026-08-30 20:35:09	debug	logger/logger.go:301	trace batch flush	{"count": 0, "active_remaining": 0}
2026-08-30 20:35:10	debug	logger/logger.go:301	trace batch flush	{"count": 0, "active_remaining": 0}
2026-08-30 20:35:10	debug	logger/logger.go:301	trace batch flush	{"count": 0, "active_remaining": 0}
2026-08-30 20:35:10	debug	logger/logger.go:301	trace batch flush	{"count": 0, "active_remaining": 0}
2026-08-30 20:35:10	debug	logger/logger.go:301	trace batch flush	{"count": 0, "active_remaining": 0}
2026-08-30 20:35:10	debug	logger/logger.go:301	trace TTL scan	{"active_total": 0, "expired": 0}
2026-08-30 20:35:10	debug	logger/logger.go:301	trace batch flush	{"count": 0, "active_remaining": 0}
2026-08-30 20:35:11	debug	logger/logger.go:301	trace batch flush	{"count": 0, "active_remaining": 0}
2026-08-30 20:35:11	debug	logger/logger.go:301	trace batch flush	{"count": 0, "active_remaining": 0}
2026-08-30 20:35:11	debug	logger/logger.go:301	trace batch flush	{"count": 0, "active_remaining": 0}
2026-08-30 20:35:11	debug	logger/logger.go:301	trace batch flush	{"count": 0, "active_remaining": 0}
2026-08-30 20:35:11	debug	logger/logger.go:301	trace batch flush	{"count": 0, "active_remaining": 0}
2026-08-30 20:35:12	debug	logger/logger.go:301	trace batch flush	{"count": 0, "active_remaining": 0}
2026-08-30 20:35:12	debug	logger/logger.go:301	trace batch flush	{"count": 0, "active_remaining": 0}
2026-08-30 20:35:12	debug	logger/logger.go:301	trace batch flush	{"count": 0, "active_remaining": 0}
2026-08-30 20:35:12	debug	logger/logger.go:301	trace batch flush	{"count": 0, "active_remaining": 0}
2026-08-30 20:35:12	debug	logger/logger.go:301	trace batch flush	{"count": 0, "active_remaining": 0}
2026-08-30 20:35:13	debug	logger/logger.go:301	trace batch flush	{"count": 0, "active_remaining": 0}
2026-08-30 20:35:13	debug	logger/logger.go:301	trace batch flush	{"count": 0, "active_remaining": 0}
2026-08-30 20:35:13	debug	logger/logger.go:301	trace batch flush	{"count": 0, "active_remaining": 0}
2026-08-30 20:35:13	debug	logger/logger.go:301	trace batch flush	{"count": 0, "active_remaining": 0}
2026-08-30 20:35:13	debug	logger/logger.go:301	trace batch flush	{"count": 0, "active_remaining": 0}
2026-08-30 20:35:14	debug	logger/logger.go:301	trace batch flush	{"count": 0, "active_remaining": 0}
2026-08-30 20:35:14	debug	logger/logger.go:301	trace batch flush	{"count": 0, "active_remaining": 0}
2026-08-30 20:35:14	debug	logger/logger.go:301	trace batch flush	{"count": 0, "active_remaining": 0}
2026-08-30 20:35:14	debug	logger/logger.go:301	trace batch flush	{"count": 0, "active_remaining": 0}
2026-08-30 20:35:14	debug	logger/logger.go:301	trace batch flush	{"count": 0, "active_remaining": 0}
2026-08-30 20:35:15	debug	logger/logger.go:301	trace batch flush	{"count": 0, "active_remaining": 0}
2026-08-30 20:35:15	debug	logger/logger.go:301	trace batch flush	{"count": 0, "active_remaining": 0}
2026-08-30 20:35:15	debug	logger/logger.go:301	trace batch flush	{"count": 0, "active_remaining": 0}
2026-08-30 20:35:15	debug	logger/logger.go:301	trace batch flush	{"count": 0, "active_remaining": 0}
2026-08-30 20:35:15	debug	logger/logger.go:301	trace batch flush	{"count": 0, "active_remaining": 0}
2026-08-30 20:35:16	debug	logger/logger.go:301	trace batch flush	{"count": 0, "active_remaining": 0}
2026-08-30 20:35:16	debug	logger/logger.go:301	trace batch flush	{"count": 0, "active_remaining": 0}
2026-08-30 20:35:16	debug	logger/logger.go:301	trace batch flush	{"count": 0, "active_remaining": 0}
2026-08-30 20:35:16	debug	logger/logger.go:301	trace batch flush	{"count": 0, "active_remaining": 0}
2026-08-30 20:35:16	debug	logger/logger.go:301	trace batch flush	{"count": 0, "active_remaining": 0}
2026-08-30 20:35:17	debug	logger/logger.go:301	trace batch flush	{"count": 0, "active_remaining": 0}
2026-08-30 20:35:17	debug	logger/logger.go:301	trace batch flush	{"count": 0, "active_remaining": 0}
2026-08-30 20:35:17	debug	logger/logger.go:301	trace batch flush	{"count": 0, "active_remaining": 0}
2026-08-30 20:35:17	debug	logger/logger.go:301	trace batch flush	{"count": 0, "active_remaining": 0}
2026-08-30 20:35:17	debug	logger/logger.go:301	trace batch flush	{"count": 0, "active_remaining": 0}
2026-08-30 20:35:18	debug	logger/logger.go:301	trace batch flush	{"count": 0, "active_remaining": 0}
2026-08-30 20:35:18	debug	logger/logger.go:301	trace batch flush	{"count": 0, "active_remaining": 0}
2026-08-30 20:35:18	debug	logger/logger.go:301	trace batch flush	{"count": 0, "active_remaining": 0}
2026-08-30 20:35:18	debug	logger/logger.go:301	trace batch flush	{"count": 0, "active_remaining": 0}
2026-08-30 20:35:18	debug	logger/logger.go:301	trace batch flush	{"count": 0, "active_remaining": 0}
2026-08-30 20:35:19	debug	logger/logger.go:301	trace batch flush	{"count": 0, "active_remaining": 0}
2026-08-30 20:35:19	debug	logger/logger.go:301	trace batch flush	{"count": 0, "active_remaining": 0}
2026-08-30 20:35:19	debug	logger/logger.go:301	trace batch flush	{"count": 0, "active_remaining": 0}
2026-08-30 20:35:19	debug	logger/logger.go:301	trace batch flush	{"count": 0, "active_remaining": 0}
2026-08-30 20:35:19	debug	logger/logger.go:301	trace batch flush	{"count": 0, "active_remaining": 0}
2026-08-30 20:35:20	debug	logger/logger.go:301	trace batch flush	{"count": 0, "active_remaining": 0}
2026-08-30 20:35:20	debug	logger/logger.go:301	trace batch flush	{"count": 0, "active_remaining": 0}
2026-08-30 20:35:20	debug	logger/logger.go:301	trace batch flush	{"count": 0, "active_remaining": 0}
2026-08-30 20:35:20	debug	logger/logger.go:301	trace batch flush	{"count": 0, "active_remaining": 0}
2026-08-30 20:35:20	debug	logger/logger.go:301	trace TTL scan	{"active_total": 0, "expired": 0}
2026-08-30 20:35:20	debug	logger/logger.go:301	trace batch flush	{"count": 0, "active_remaining": 0}
2026-08-30 20:35:21	debug	logger/logger.go:301	trace batch flush	{"count": 0, "active_remaining": 0}
2026-08-30 20:35:21	debug	logger/logger.go:301	trace batch flush	{"count": 0, "active_remaining": 0}
2026-08-30 20:35:21	debug	logger/logger.go:301	trace batch flush	{"count": 0, "active_remaining": 0}
2026-08-30 20:35:21	debug	logger/logger.go:301	trace batch flush	{"count": 0, "active_remaining": 0}
2026-08-30 20:35:21	debug	logger/logger.go:301	trace batch flush	{"count": 0, "active_remaining": 0}
2026-08-30 20:35:22	debug	logger/logger.go:301	trace batch flush	{"count": 0, "active_remaining": 0}
2026-08-30 20:35:22	debug	logger/logger.go:301	trace batch flush	{"count": 0, "active_remaining": 0}
2026-08-30 20:35:22	debug	logger/logger.go:301	trace batch flush	{"count": 0, "active_remaining": 0}
2026-08-30 20:35:22	debug	logger/logger.go:301	trace batch flush	{"count": 0, "active_remaining": 0}
2026-08-30 20:35:22	debug	logger/logger.go:301	trace batch flush	{"count": 0, "active_remaining": 0}
2026-08-30 20:35:23	debug	logger/logger.go:301	trace batch flush	{"count": 0, "active_remaining": 0}
2026-08-30 20:35:23	debug	logger/logger.go:301	trace batch flush	{"count": 0, "active_remaining": 0}
2026-08-30 20:35:23	debug	logger/logger.go:301	trace batch flush	{"count": 0, "active_remaining": 0}
2026-08-30 20:35:23	debug	logger/logger.go:301	trace batch flush	{"count": 0, "active_remaining": 0}
2026-08-30 20:35:23	debug	logger/logger.go:301	trace batch flush	{"count": 0, "active_remaining": 0}
2026-08-30 20:35:24	debug	logger/logger.go:301	trace batch flush	{"count": 0, "active_remaining": 0}
2026-08-30 20:35:24	debug	logger/logger.go:301	trace batch flush	{"count": 0, "active_remaining": 0}
2026-08-30 20:35:24	debug	logger/logger.go:301	trace batch flush	{"count": 0, "active_remaining": 0}
2026-08-30 20:35:24	debug	logger/logger.go:301	trace batch flush	{"count": 0, "active_remaining": 0}
2026-08-30 20:35:24	debug	logger/logger.go:301	trace batch flush	{"count": 0, "active_remaining": 0}
2026-08-30 20:35:25	debug	logger/logger.go:301	trace batch flush	{"count": 0, "active_remaining": 0}
2026-08-30 20:35:25	debug	logger/logger.go:301	trace batch flush	{"count": 0, "active_remaining": 0}
2026-08-30 20:35:25	debug	logger/logger.go:301	trace batch flush	{"count": 0, "active_remaining": 0}
2026-08-30 20:35:25	debug	logger/logger.go:301	trace batch flush	{"count": 0, "active_remaining": 0}
2026-08-30 20:35:25	debug	logger/logger.go:301	trace batch flush	{"count": 0, "active_remaining": 0}
2026-08-30 20:35:26	debug	logger/logger.go:301	trace batch flush	{"count": 0, "active_remaining": 0}
2026-08-30 20:35:26	debug	logger/logger.go:301	trace batch flush	{"count": 0, "active_remaining": 0}
2026-08-30 20:35:26	debug	logger/logger.go:301	trace batch flush	{"count": 0, "active_remaining": 0}
2026-08-30 20:35:26	debug	logger/logger.go:301	trace batch flush	{"count": 0, "active_remaining": 0}
2026-08-30 20:35:26	debug	logger/logger.go:301	trace batch flush	{"count": 0, "active_remaining": 0}
2026-08-30 20:35:27	debug	logger/logger.go:301	trace batch flush	{"count": 0, "active_remaining": 0}
2026-08-30 20:35:27	debug	logger/logger.go:301	trace batch flush	{"count": 0, "active_remaining": 0}
2026-08-30 20:35:27	debug	logger/logger.go:301	trace batch flush	{"count": 0, "active_remaining": 0}
2026-08-30 20:35:27	debug	logger/logger.go:301	trace batch flush	{"count": 0, "active_remaining": 0}
2026-08-30 20:35:27	debug	logger/logger.go:301	trace batch flush	{"count": 0, "active_remaining": 0}
2026-08-30 20:35:28	debug	logger/logger.go:301	trace batch flush	{"count": 0, "active_remaining": 0}
2026-08-30 20:35:28	debug	logger/logger.go:301	trace batch flush	{"count": 0, "active_remaining": 0}
2026-08-30 20:35:28	debug	logger/logger.go:301	trace batch flush	{"count": 0, "active_remaining": 0}
2026-08-30 20:35:28	debug	logger/logger.go:301	trace batch flush	{"count": 0, "active_remaining": 0}
2026-08-30 20:35:28	debug	logger/logger.go:301	trace batch flush	{"count": 0, "active_remaining": 0}
2026-08-30 20:35:29	debug	logger/logger.go:301	trace batch flush	{"count": 0, "active_remaining": 0}
2026-08-30 20:35:29	debug	logger/logger.go:301	trace batch flush	{"count": 0, "active_remaining": 0}
2026-08-30 20:35:29	debug	logger/logger.go:301	trace batch flush	{"count": 0, "active_remaining": 0}
2026-08-30 20:35:29	debug	logger/logger.go:301	trace batch flush	{"count": 0, "active_remaining": 0}
2026-08-30 20:35:29	debug	logger/logger.go:301	trace batch flush	{"count": 0, "active_remaining": 0}
2026-08-30 20:35:30	debug	logger/logger.go:301	trace batch flush	{"count": 0, "active_remaining": 0}
2026-08-30 20:35:30	debug	logger/logger.go:301	trace batch flush	{"count": 0, "active_remaining": 0}
2026-08-30 20:35:30	debug	logger/logger.go:301	trace batch flush	{"count": 0, "active_remaining": 0}
2026-08-30 20:35:30	debug	logger/logger.go:301	trace batch flush	{"count": 0, "active_remaining": 0}
2026-08-30 20:35:30	debug	logger/logger.go:301	trace TTL scan	{"active_total": 0, "expired": 0}
2026-08-30 20:35:30	debug	logger/logger.go:301	trace batch flush	{"count": 0, "active_remaining": 0}
2026-08-30 20:35:31	debug	logger/logger.go:301	trace batch flush	{"count": 0, "active_remaining": 0}
2026-08-30 20:35:31	debug	logger/logger.go:301	trace batch flush	{"count": 0, "active_remaining": 0}
2026-08-30 20:35:31	debug	logger/logger.go:301	trace batch flush	{"count": 0, "active_remaining": 0}
2026-08-30 20:35:31	debug	logger/logger.go:301	trace batch flush	{"count": 0, "active_remaining": 0}
2026-08-30 20:35:31	debug	logger/logger.go:301	trace batch flush	{"count": 0, "active_remaining": 0}
2026-08-30 20:35:32	debug	logger/logger.go:301	trace batch flush	{"count": 0, "active_remaining": 0}
2026-08-30 20:35:32	debug	logger/logger.go:301	trace batch flush	{"count": 0, "active_remaining": 0}
2026-08-30 20:35:32	debug	logger/logger.go:301	trace batch flush	{"count": 0, "active_remaining": 0}
2026-08-30 20:35:32	debug	logger/logger.go:301	trace batch flush	{"count": 0, "active_remaining": 0}
2026-08-30 20:35:32	debug	logger/logger.go:301	trace batch flush	{"count": 0, "active_remaining": 0}
2026-08-30 20:35:33	debug	logger/logger.go:301	trace batch flush	{"count": 0, "active_remaining": 0}
2026-08-30 20:35:33	debug	logger/logger.go:301	trace batch flush	{"count": 0, "active_remaining": 0}
2026-08-30 20:35:33	debug	logger/logger.go:301	trace batch flush	{"count": 0, "active_remaining": 0}
2026-08-30 20:35:33	debug	logger/logger.go:301	trace batch flush	{"count": 0, "active_remaining": 0}
2026-08-30 20:35:33	debug	logger/logger.go:301	trace batch flush	{"count": 0, "active_remaining": 0}
2026-08-30 20:35:34	debug	logger/logger.go:301	trace batch flush	{"count": 0, "active_remaining": 0}
2026-08-30 20:35:34	debug	logger/logger.go:301	trace batch flush	{"count": 0, "active_remaining": 0}
2026-08-30 20:35:34	debug	logger/logger.go:301	trace batch flush	{"count": 0, "active_remaining": 0}
2026-08-30 20:35:34	debug	logger/logger.go:301	trace batch flush	{"count": 0, "active_remaining": 0}
2026-08-30 20:35:34	debug	logger/logger.go:301	trace batch flush	{"count": 0, "active_remaining": 0}
2026-08-30 20:35:35	debug	logger/logger.go:301	trace batch flush	{"count": 0, "active_remaining": 0}
2026-08-30 20:35:35	debug	logger/logger.go:301	trace batch flush	{"count": 0, "active_remaining": 0}
2026-08-30 20:35:35	debug	logger/logger.go:301	trace batch flush	{"count": 0, "active_remaining": 0}
2026-08-30 20:35:35	debug	logger/logger.go:301	trace batch flush	{"count": 0, "active_remaining": 0}
2026-08-30 20:35:35	debug	logger/logger.go:301	trace batch flush	{"count": 0, "active_remaining": 0}
2026-08-30 20:35:36	debug	logger/logger.go:301	trace batch flush	{"count": 0, "active_remaining": 0}
2026-08-30 20:35:36	debug	logger/logger.go:301	trace batch flush	{"count": 0, "active_remaining": 0}
2026-08-30 20:35:36	debug	logger/logger.go:301	trace batch flush	{"count": 0, "active_remaining": 0}
2026-08-30 20:35:36	debug	logger/logger.go:301	trace batch flush	{"count": 0, "active_remaining": 0}
2026-08-30 20:35:36	debug	logger/logger.go:301	trace batch flush	{"count": 0, "active_remaining": 0}
2026-08-30 20:35:37	debug	logger/logger.go:301	trace batch flush	{"count": 0, "active_remaining": 0}
2026-08-30 20:35:37	debug	logger/logger.go:301	trace batch flush	{"count": 0, "active_remaining": 0}
2026-08-30 20:35:37	debug	logger/logger.go:301	trace batch flush	{"count": 0, "active_remaining": 0}
2026-08-30 20:35:37	debug	logger/logger.go:301	trace batch flush	{"count": 0, "active_remaining": 0}
2026-08-30 20:35:37	debug	logger/logger.go:301	trace batch flush	{"count": 0, "active_remaining": 0}
2026-08-30 20:35:38	debug	logger/logger.go:301	trace batch flush	{"count": 0, "active_remaining": 0}
2026-08-30 20:35:38	debug	logger/logger.go:301	trace batch flush	{"count": 0, "active_remaining": 0}
2026-08-30 20:35:38	debug	logger/logger.go:301	trace batch flush	{"count": 0, "active_remaining": 0}
2026-08-30 20:35:38	debug	logger/logger.go:301	trace batch flush	{"count": 0, "active_remaining": 0}
2026-08-30 20:35:38	debug	logger/logger.go:301	trace batch flush	{"count": 0, "active_remaining": 0}
2026-08-30 20:35:39	debug	logger/logger.go:301	trace batch flush	{"count": 0, "active_remaining": 0}
2026-08-30 20:35:39	debug	logger/logger.go:301	trace batch flush	{"count": 0, "active_remaining": 0}
2026-08-30 20:35:39	debug	logger/logger.go:301	trace batch flush	{"count": 0, "active_remaining": 0}
2026-08-30 20:35:39	debug	logger/logger.go:301	trace batch flush	{"count": 0, "active_remaining": 0}
2026-08-30 20:35:39	debug	logger/logger.go:301	trace batch flush	{"count": 0, "active_remaining": 0}
2026-08-30 20:35:40	debug	logger/logger.go:301	trace batch flush	{"count": 0, "active_remaining": 0}
2026-08-30 20:35:40	debug	logger/logger.go:301	trace batch flush	{"count": 0, "active_remaining": 0}
2026-08-30 20:35:40	debug	logger/logger.go:301	trace batch flush	{"count": 0, "active_remaining": 0}
2026-08-30 20:35:40	debug	logger/logger.go:301	trace batch flush	{"count": 0, "active_remaining": 0}
2026-08-30 20:35:40	debug	logger/logger.go:301	trace TTL scan	{"active_total": 0, "expired": 0}
2026-08-30 20:35:40	debug	logger/logger.go:301	trace batch flush	{"count": 0, "active_remaining": 0}
2026-08-30 20:35:41	debug	logger/logger.go:301	trace batch flush	{"count": 0, "active_remaining": 0}
2026-08-30 20:35:41	debug	logger/logger.go:301	trace batch flush	{"count": 0, "active_remaining": 0}
2026-08-30 20:35:41	debug	logger/logger.go:301	trace batch flush	{"count": 0, "active_remaining": 0}
2026-08-30 20:35:41	debug	logger/logger.go:301	trace batch flush	{"count": 0, "active_remaining": 0}
2026-08-30 20:35:41	debug	logger/logger.go:301	trace batch flush	{"count": 0, "active_remaining": 0}
2026-08-30 20:35:42	debug	logger/logger.go:301	trace batch flush	{"count": 0, "active_remaining": 0}
2026-08-30 20:35:42	debug	logger/logger.go:301	trace batch flush	{"count": 0, "active_remaining": 0}
2026-08-30 20:35:42	debug	logger/logger.go:301	trace batch flush	{"count": 0, "active_remaining": 0}
2026-08-30 20:35:42	debug	logger/logger.go:301	trace batch flush	{"count": 0, "active_remaining": 0}
2026-08-30 20:35:42	debug	logger/logger.go:301	trace batch flush	{"count": 0, "active_remaining": 0}
2026-08-30 20:35:43	debug	logger/logger.go:301	trace batch flush	{"count": 0, "active_remaining": 0}
2026-08-30 20:35:43	debug	logger/logger.go:301	trace batch flush	{"count": 0, "active_remaining": 0}
2026-08-30 20:35:43	debug	logger/logger.go:301	trace batch flush	{"count": 0, "active_remaining": 0}
2026-08-30 20:35:43	debug	logger/logger.go:301	trace batch flush	{"count": 0, "active_remaining": 0}
2026-08-30 20:35:43	debug	logger/logger.go:301	trace batch flush	{"count": 0, "active_remaining": 0}
2026-08-30 20:35:44	debug	logger/logger.go:301	trace batch flush	{"count": 0, "active_remaining": 0}
2026-08-30 20:35:44	debug	logger/logger.go:301	trace batch flush	{"count": 0, "active_remaining": 0}
2026-08-30 20:35:44	debug	logger/logger.go:301	trace batch flush	{"count": 0, "active_remaining": 0}
2026-08-30 20:35:44	debug	logger/logger.go:301	trace batch flush	{"count": 0, "active_remaining": 0}
2026-08-30 20:35:44	debug	logger/logger.go:301	trace batch flush	{"count": 0, "active_remaining": 0}
2026-08-30 20:35:45	debug	logger/logger.go:301	trace batch flush	{"count": 0, "active_remaining": 0}
2026-08-30 20:35:45	debug	logger/logger.go:301	trace batch flush	{"count": 0, "active_remaining": 0}
2026-08-30 20:35:45	debug	logger/logger.go:301	trace batch flush	{"count": 0, "active_remaining": 0}
2026-08-30 20:35:45	debug	logger/logger.go:301	trace batch flush	{"count": 0, "active_remaining": 0}
2026-08-30 20:35:45	debug	logger/logger.go:301	trace batch flush	{"count": 0, "active_remaining": 0}
2026-08-30 20:35:46	debug	logger/logger.go:301	trace batch flush	{"count": 0, "active_remaining": 0}
2026-08-30 20:35:46	debug	logger/logger.go:301	trace batch flush	{"count": 0, "active_remaining": 0}
2026-08-30 20:35:46	debug	logger/logger.go:301	trace batch flush	{"count": 0, "active_remaining": 0}
2026-08-30 20:35:46	debug	logger/logger.go:301	trace batch flush	{"count": 0, "active_remaining": 0}
2026-08-30 20:35:46	debug	logger/logger.go:301	trace batch flush	{"count": 0, "active_remaining": 0}
2026-08-30 20:35:47	debug	logger/logger.go:301	trace batch flush	{"count": 0, "active_remaining": 0}
2026-08-30 20:35:47	debug	logger/logger.go:301	trace batch flush	{"count": 0, "active_remaining": 0}
2026-08-30 20:35:47	debug	logger/logger.go:301	trace batch flush	{"count": 0, "active_remaining": 0}
2026-08-30 20:35:47	debug	logger/logger.go:301	trace batch flush	{"count": 0, "active_remaining": 0}
2026-08-30 20:35:47	debug	logger/logger.go:301	trace batch flush	{"count": 0, "active_remaining": 0}
2026-08-30 20:35:48	debug	logger/logger.go:301	trace batch flush	{"count": 0, "active_remaining": 0}
2026-08-30 20:35:48	debug	logger/logger.go:301	trace batch flush	{"count": 0, "active_remaining": 0}
2026-08-30 20:35:48	debug	logger/logger.go:301	trace batch flush	{"count": 0, "active_remaining": 0}
2026-08-30 20:35:48	debug	logger/logger.go:301	trace batch flush	{"count": 0, "active_remaining": 0}
2026-08-30 20:35:49	debug	logger/logger.go:301	trace batch flush	{"count": 0, "active_remaining": 0}
2026-08-30 20:35:49	debug	logger/logger.go:301	trace batch flush	{"count": 0, "active_remaining": 0}
2026-08-30 20:35:49	debug	logger/logger.go:301	trace batch flush	{"count": 0, "active_remaining": 0}
2026-08-30 20:35:49	debug	logger/logger.go:301	trace batch flush	{"count": 0, "active_remaining": 0}
2026-08-30 20:35:49	debug	logger/logger.go:301	trace batch flush	{"count": 0, "active_remaining": 0}
2026-08-30 20:35:50	debug	logger/logger.go:301	trace batch flush	{"count": 0, "active_remaining": 0}
2026-08-30 20:35:50	debug	logger/logger.go:301	trace batch flush	{"count": 0, "active_remaining": 0}
2026-08-30 20:35:50	debug	logger/logger.go:301	trace batch flush	{"count": 0, "active_remaining": 0}
2026-08-30 20:35:50	debug	logger/logger.go:301	trace batch flush	{"count": 0, "active_remaining": 0}
2026-08-30 20:35:50	debug	logger/logger.go:301	trace batch flush	{"count": 0, "active_remaining": 0}
2026-08-30 20:35:50	debug	logger/logger.go:301	trace TTL scan	{"active_total": 0, "expired": 0}
2026-08-30 20:35:51	debug	logger/logger.go:301	trace batch flush	{"count": 0, "active_remaining": 0}
2026-08-30 20:35:51	debug	logger/logger.go:301	trace batch flush	{"count": 0, "active_remaining": 0}
2026-08-30 20:35:51	debug	logger/logger.go:301	trace batch flush	{"count": 0, "active_remaining": 0}
2026-08-30 20:35:51	debug	logger/logger.go:301	trace batch flush	{"count": 0, "active_remaining": 0}
2026-08-30 20:35:51	debug	logger/logger.go:301	trace batch flush	{"count": 0, "active_remaining": 0}
2026-08-30 20:35:52	debug	logger/logger.go:301	trace batch flush	{"count": 0, "active_remaining": 0}
2026-08-30 20:35:52	debug	logger/logger.go:301	trace batch flush	{"count": 0, "active_remaining": 0}
2026-08-30 20:35:52	debug	logger/logger.go:301	trace batch flush	{"count": 0, "active_remaining": 0}
2026-08-30 20:35:52	debug	logger/logger.go:301	trace batch flush	{"count": 0, "active_remaining": 0}
2026-08-30 20:35:52	debug	logger/logger.go:301	trace batch flush	{"count": 0, "active_remaining": 0}
2026-08-30 20:35:53	debug	logger/logger.go:301	trace batch flush	{"count": 0, "active_remaining": 0}
2026-08-30 20:35:53	debug	logger/logger.go:301	trace batch flush	{"count": 0, "active_remaining": 0}
2026-08-30 20:35:53	debug	logger/logger.go:301	trace batch flush	{"count": 0, "active_remaining": 0}
2026-08-30 20:35:53	debug	logger/logger.go:301	trace batch flush	{"count": 0, "active_remaining": 0}
2026-08-30 20:35:53	debug	logger/logger.go:301	trace batch flush	{"count": 0, "active_remaining": 0}
2026-08-30 20:35:54	debug	logger/logger.go:301	trace batch flush	{"count": 0, "active_remaining": 0}
2026-08-30 20:35:54	debug	logger/logger.go:301	trace batch flush	{"count": 0, "active_remaining": 0}
2026-08-30 20:35:54	debug	logger/logger.go:301	trace batch flush	{"count": 0, "active_remaining": 0}
2026-08-30 20:35:54	debug	logger/logger.go:301	trace batch flush	{"count": 0, "active_remaining": 0}
2026-08-30 20:35:54	debug	logger/logger.go:301	trace batch flush	{"count": 0, "active_remaining": 0}
2026-08-30 20:35:55	debug	logger/logger.go:301	trace batch flush	{"count": 0, "active_remaining": 0}
2026-08-30 20:35:55	debug	logger/logger.go:301	trace batch flush	{"count": 0, "active_remaining": 0}
2026-08-30 20:35:55	debug	logger/logger.go:301	trace batch flush	{"count": 0, "active_remaining": 0}
2026-08-30 20:35:55	debug	logger/logger.go:301	trace batch flush	{"count": 0, "active_remaining": 0}
2026-08-30 20:35:55	debug	logger/logger.go:301	trace batch flush	{"count": 0, "active_remaining": 0}
2026-08-30 20:35:56	debug	logger/logger.go:301	trace batch flush	{"count": 0, "active_remaining": 0}
2026-08-30 20:35:56	debug	logger/logger.go:301	trace batch flush	{"count": 0, "active_remaining": 0}
2026-08-30 20:35:56	debug	logger/logger.go:301	trace batch flush	{"count": 0, "active_remaining": 0}
2026-08-30 20:35:56	debug	logger/logger.go:301	trace batch flush	{"count": 0, "active_remaining": 0}
2026-08-30 20:35:56	debug	logger/logger.go:301	trace batch flush	{"count": 0, "active_remaining": 0}
2026-08-30 20:35:57	debug	logger/logger.go:301	trace batch flush	{"count": 0, "active_remaining": 0}
2026-08-30 20:35:57	debug	logger/logger.go:301	trace batch flush	{"count": 0, "active_remaining": 0}
2026-08-30 20:35:57	debug	logger/logger.go:301	trace batch flush	{"count": 0, "active_remaining": 0}
2026-08-30 20:35:57	debug	logger/logger.go:301	trace batch flush	{"count": 0, "active_remaining": 0}
2026-08-30 20:35:57	debug	logger/logger.go:301	trace batch flush	{"count": 0, "active_remaining": 0}
2026-08-30 20:35:58	debug	logger/logger.go:301	trace batch flush	{"count": 0, "active_remaining": 0}
2026-08-30 20:35:58	debug	logger/logger.go:301	trace batch flush	{"count": 0, "active_remaining": 0}
2026-08-30 20:35:58	debug	logger/logger.go:301	trace batch flush	{"count": 0, "active_remaining": 0}
2026-08-30 20:35:58	debug	logger/logger.go:301	trace batch flush	{"count": 0, "active_remaining": 0}
2026-08-30 20:35:58	debug	logger/logger.go:301	trace batch flush	{"count": 0, "active_remaining": 0}
2026-08-30 20:35:59	debug	logger/logger.go:301	trace batch flush	{"count": 0, "active_remaining": 0}
2026-08-30 20:35:59	debug	logger/logger.go:301	trace batch flush	{"count": 0, "active_remaining": 0}
2026-08-30 20:35:59	debug	logger/logger.go:301	trace batch flush	{"count": 0, "active_remaining": 0}
2026-08-30 20:35:59	debug	logger/logger.go:301	trace batch flush	{"count": 0, "active_remaining": 0}
2026-08-30 20:35:59	debug	logger/logger.go:301	trace batch flush	{"count": 0, "active_remaining": 0}
2026-08-30 20:36:00	debug	logger/logger.go:301	trace batch flush	{"count": 0, "active_remaining": 0}
2026-08-30 20:36:00	debug	logger/logger.go:301	trace batch flush	{"count": 0, "active_remaining": 0}
2026-08-30 20:36:00	debug	logger/logger.go:301	trace batch flush	{"count": 0, "active_remaining": 0}
2026-08-30 20:36:00	debug	logger/logger.go:301	trace batch flush	{"count": 0, "active_remaining": 0}
2026-08-30 20:36:00	debug	logger/logger.go:301	trace batch flush	{"count": 0, "active_remaining": 0}
2026-08-30 20:36:00	debug	logger/logger.go:301	trace TTL scan	{"active_total": 0, "expired": 0}
2026-08-30 20:36:01	debug	logger/logger.go:301	trace batch flush	{"count": 0, "active_remaining": 0}
2026-08-30 20:36:01	debug	logger/logger.go:301	trace batch flush	{"count": 0, "active_remaining": 0}
2026-08-30 20:36:01	debug	logger/logger.go:301	trace batch flush	{"count": 0, "active_remaining": 0}
2026-08-30 20:36:01	debug	logger/logger.go:301	trace batch flush	{"count": 0, "active_remaining": 0}
2026-08-30 20:36:01	debug	logger/logger.go:301	trace batch flush	{"count": 0, "active_remaining": 0}
2026-08-30 20:36:02	debug	logger/logger.go:301	trace batch flush	{"count": 0, "active_remaining": 0}
2026-08-30 20:36:02	debug	logger/logger.go:301	trace batch flush	{"count": 0, "active_remaining": 0}
2026-08-30 20:36:02	debug	logger/logger.go:301	trace batch flush	{"count": 0, "active_remaining": 0}
2026-08-30 20:36:02	debug	logger/logger.go:301	trace batch flush	{"count": 0, "active_remaining": 0}
2026-08-30 20:36:02	debug	logger/logger.go:301	trace batch flush	{"count": 0, "active_remaining": 0}
2026-08-30 20:36:03	debug	logger/logger.go:301	trace batch flush	{"count": 0, "active_remaining": 0}
2026-08-30 20:36:03	debug	logger/logger.go:301	trace batch flush	{"count": 0, "active_remaining": 0}
2026-08-30 20:36:03	debug	logger/logger.go:301	trace batch flush	{"count": 0, "active_remaining": 0}
2026-08-30 20:36:03	debug	logger/logger.go:301	trace batch flush	{"count": 0, "active_remaining": 0}
2026-08-30 20:36:03	debug	logger/logger.go:301	trace batch flush	{"count": 0, "active_remaining": 0}
